Component: ARM Compiler 5.06 update 5 (build 528) Tool: armlink [4d35e2]

==============================================================================

Section Cross References

    startup_stm32f10x_md.o(STACK) refers (Special) to heapauxi.o(.text) for __use_two_region_memory
    startup_stm32f10x_md.o(HEAP) refers (Special) to heapauxi.o(.text) for __use_two_region_memory
    startup_stm32f10x_md.o(RESET) refers (Special) to heapauxi.o(.text) for __use_two_region_memory
    startup_stm32f10x_md.o(RESET) refers to startup_stm32f10x_md.o(STACK) for __initial_sp
    startup_stm32f10x_md.o(RESET) refers to startup_stm32f10x_md.o(.text) for Reset_Handler
    startup_stm32f10x_md.o(RESET) refers to stm32f10x_it.o(i.NMI_Handler) for NMI_Handler
    startup_stm32f10x_md.o(RESET) refers to stm32f10x_it.o(i.HardFault_Handler) for HardFault_Handler
    startup_stm32f10x_md.o(RESET) refers to stm32f10x_it.o(i.MemManage_Handler) for MemManage_Handler
    startup_stm32f10x_md.o(RESET) refers to stm32f10x_it.o(i.BusFault_Handler) for BusFault_Handler
    startup_stm32f10x_md.o(RESET) refers to stm32f10x_it.o(i.UsageFault_Handler) for UsageFault_Handler
    startup_stm32f10x_md.o(RESET) refers to stm32f10x_it.o(i.SVC_Handler) for SVC_Handler
    startup_stm32f10x_md.o(RESET) refers to stm32f10x_it.o(i.DebugMon_Handler) for DebugMon_Handler
    startup_stm32f10x_md.o(RESET) refers to stm32f10x_it.o(i.PendSV_Handler) for PendSV_Handler
    startup_stm32f10x_md.o(RESET) refers to stm32f10x_it.o(i.SysTick_Handler) for SysTick_Handler
    startup_stm32f10x_md.o(RESET) refers to app_encoder.o(i.EXTI3_IRQHandler) for EXTI3_IRQHandler
    startup_stm32f10x_md.o(RESET) refers to app_bat.o(i.ADC1_2_IRQHandler) for ADC1_2_IRQHandler
    startup_stm32f10x_md.o(RESET) refers to app_rc.o(i.USART3_IRQHandler) for USART3_IRQHandler
    startup_stm32f10x_md.o(RESET) refers to app_encoder.o(i.EXTI15_10_IRQHandler) for EXTI15_10_IRQHandler
    startup_stm32f10x_md.o(.text) refers (Special) to heapauxi.o(.text) for __use_two_region_memory
    startup_stm32f10x_md.o(.text) refers to system_stm32f10x.o(i.SystemInit) for SystemInit
    startup_stm32f10x_md.o(.text) refers to __main.o(!!!main) for __main
    startup_stm32f10x_md.o(.text) refers to startup_stm32f10x_md.o(HEAP) for Heap_Mem
    startup_stm32f10x_md.o(.text) refers to startup_stm32f10x_md.o(STACK) for Stack_Mem
    system_stm32f10x.o(i.SetSysClock) refers to system_stm32f10x.o(i.SetSysClockTo72) for SetSysClockTo72
    system_stm32f10x.o(i.SystemCoreClockUpdate) refers to system_stm32f10x.o(.data) for SystemCoreClock
    system_stm32f10x.o(i.SystemInit) refers to system_stm32f10x.o(i.SetSysClock) for SetSysClock
    stm32f10x_adc.o(i.ADC_DeInit) refers to stm32f10x_rcc.o(i.RCC_APB2PeriphResetCmd) for RCC_APB2PeriphResetCmd
    stm32f10x_bkp.o(i.BKP_DeInit) refers to stm32f10x_rcc.o(i.RCC_BackupResetCmd) for RCC_BackupResetCmd
    stm32f10x_can.o(i.CAN_DeInit) refers to stm32f10x_rcc.o(i.RCC_APB1PeriphResetCmd) for RCC_APB1PeriphResetCmd
    stm32f10x_can.o(i.CAN_GetITStatus) refers to stm32f10x_can.o(i.CheckITStatus) for CheckITStatus
    stm32f10x_cec.o(i.CEC_DeInit) refers to stm32f10x_rcc.o(i.RCC_APB1PeriphResetCmd) for RCC_APB1PeriphResetCmd
    stm32f10x_dac.o(i.DAC_DeInit) refers to stm32f10x_rcc.o(i.RCC_APB1PeriphResetCmd) for RCC_APB1PeriphResetCmd
    stm32f10x_flash.o(i.FLASH_EnableWriteProtection) refers to stm32f10x_flash.o(i.FLASH_WaitForLastOperation) for FLASH_WaitForLastOperation
    stm32f10x_flash.o(i.FLASH_EraseAllBank1Pages) refers to stm32f10x_flash.o(i.FLASH_WaitForLastBank1Operation) for FLASH_WaitForLastBank1Operation
    stm32f10x_flash.o(i.FLASH_EraseAllPages) refers to stm32f10x_flash.o(i.FLASH_WaitForLastOperation) for FLASH_WaitForLastOperation
    stm32f10x_flash.o(i.FLASH_EraseOptionBytes) refers to stm32f10x_flash.o(i.FLASH_GetReadOutProtectionStatus) for FLASH_GetReadOutProtectionStatus
    stm32f10x_flash.o(i.FLASH_EraseOptionBytes) refers to stm32f10x_flash.o(i.FLASH_WaitForLastOperation) for FLASH_WaitForLastOperation
    stm32f10x_flash.o(i.FLASH_ErasePage) refers to stm32f10x_flash.o(i.FLASH_WaitForLastOperation) for FLASH_WaitForLastOperation
    stm32f10x_flash.o(i.FLASH_ProgramHalfWord) refers to stm32f10x_flash.o(i.FLASH_WaitForLastOperation) for FLASH_WaitForLastOperation
    stm32f10x_flash.o(i.FLASH_ProgramOptionByteData) refers to stm32f10x_flash.o(i.FLASH_WaitForLastOperation) for FLASH_WaitForLastOperation
    stm32f10x_flash.o(i.FLASH_ProgramWord) refers to stm32f10x_flash.o(i.FLASH_WaitForLastOperation) for FLASH_WaitForLastOperation
    stm32f10x_flash.o(i.FLASH_ReadOutProtection) refers to stm32f10x_flash.o(i.FLASH_WaitForLastOperation) for FLASH_WaitForLastOperation
    stm32f10x_flash.o(i.FLASH_UserOptionByteConfig) refers to stm32f10x_flash.o(i.FLASH_WaitForLastOperation) for FLASH_WaitForLastOperation
[...]
    i.App_Encoder_GetSpeed_L                 0x08001098   Section        0  app_encoder.o(i.App_Encoder_GetSpeed_L)
    i.App_Encoder_GetSpeed_R                 0x08001158   Section        0  app_encoder.o(i.App_Encoder_GetSpeed_R)
    i.App_Encoder_Init                       0x08001218   Section        0  app_encoder.o(i.App_Encoder_Init)
    i.App_Motor_Cmd                          0x08001224   Section        0  app_motor.o(i.App_Motor_Cmd)
    i.App_Motor_Init                         0x08001244   Section        0  app_motor.o(i.App_Motor_Init)
    i.App_Motor_Proc                         0x0800128c   Section        0  app_motor.o(i.App_Motor_Proc)
    i.App_Motor_SetOmega_L                   0x08001314   Section        0  app_motor.o(i.App_Motor_SetOmega_L)
    i.App_Motor_SetOmega_R                   0x08001328   Section        0  app_motor.o(i.App_Motor_SetOmega_R)
    i.App_PWM_Cmd                            0x0800133c   Section        0  app_pwm.o(i.App_PWM_Cmd)
    i.App_PWM_Init                           0x08001360   Section        0  app_pwm.o(i.App_PWM_Init)
    i.App_PWM_Set_L                          0x08001370   Section        0  app_pwm.o(i.App_PWM_Set_L)
    i.App_PWM_Set_R                          0x080013fc   Section        0  app_pwm.o(i.App_PWM_Set_R)
    i.App_RC_Init                            0x08001484   Section        0  app_rc.o(i.App_RC_Init)
    i.App_RC_Proc                            0x08001540   Section        0  app_rc.o(i.App_RC_Proc)
    i.App_USART2_Init                        0x080015e0   Section        0  app_usart.o(i.App_USART2_Init)
    i.App_mpu6050_GetGx                      0x08001668   Section        0  app_mpu6050.o(i.App_mpu6050_GetGx)
    i.App_mpu6050_GetGz                      0x08001674   Section        0  app_mpu6050.o(i.App_mpu6050_GetGz)
    i.App_mpu6050_Getpitch                   0x08001680   Section        0  app_mpu6050.o(i.App_mpu6050_Getpitch)
    i.App_mpu6050_Init                       0x0800168c   Section        0  app_mpu6050.o(i.App_mpu6050_Init)
    i.App_mpu6050_Proc                       0x0800173c   Section        0  app_mpu6050.o(i.App_mpu6050_Proc)
    i.App_mpu6050_Update                     0x08001904   Section        0  app_mpu6050.o(i.App_mpu6050_Update)
    i.BusFault_Handler                       0x08001a50   Section        0  stm32f10x_it.o(i.BusFault_Handler)
    i.DebugMon_Handler                       0x08001a54   Section        0  stm32f10x_it.o(i.DebugMon_Handler)
    i.Delay                                  0x08001a58   Section        0  delay.o(i.Delay)
    i.Delay_Init                             0x08001a7c   Section        0  delay.o(i.Delay_Init)
    i.EXTI15_10_IRQHandler                   0x08001b50   Section        0  app_encoder.o(i.EXTI15_10_IRQHandler)
    i.EXTI3_IRQHandler                       0x08001c0c   Section        0  app_encoder.o(i.EXTI3_IRQHandler)
    i.EXTI_ClearFlag                         0x08001cb8   Section        0  stm32f10x_exti.o(i.EXTI_ClearFlag)
    i.EXTI_GetFlagStatus                     0x08001cc4   Section        0  stm32f10x_exti.o(i.EXTI_GetFlagStatus)
    i.EXTI_Init                              0x08001cdc   Section        0  stm32f10x_exti.o(i.EXTI_Init)
    i.Encoder_L_Init                         0x08001d70   Section        0  app_encoder.o(i.Encoder_L_Init)
    Encoder_L_Init                           0x08001d71   Thumb Code   122  app_encoder.o(i.Encoder_L_Init)
    i.Encoder_R_Init                         0x08001df0   Section        0  app_encoder.o(i.Encoder_R_Init)
    Encoder_R_Init                           0x08001df1   Thumb Code   134  app_encoder.o(i.Encoder_R_Init)
    i.GPIOClockCmd                           0x08001e80   Section        0  button.o(i.GPIOClockCmd)
    GPIOClockCmd                             0x08001e81   Thumb Code    80  button.o(i.GPIOClockCmd)
    i.GPIO_EXTILineConfig                    0x08001ee0   Section        0  stm32f10x_gpio.o(i.GPIO_EXTILineConfig)
    i.GPIO_Init                              0x08001f20   Section        0  stm32f10x_gpio.o(i.GPIO_Init)
    i.GPIO_PinRemapConfig                    0x08002038   Section        0  stm32f10x_gpio.o(i.GPIO_PinRemapConfig)
    i.GPIO_ReadInputDataBit                  0x080020c8   Section        0  stm32f10x_gpio.o(i.GPIO_ReadInputDataBit)
    i.GPIO_WriteBit                          0x080020da   Section        0  stm32f10x_gpio.o(i.GPIO_WriteBit)
    i.GetTick                                0x080020e4   Section        0  delay.o(i.GetTick)
    i.GetUs                                  0x080020f4   Section        0  delay.o(i.GetUs)
    i.HardFault_Handler                      0x08002174   Section        0  stm32f10x_it.o(i.HardFault_Handler)
    i.I2C_AcknowledgeConfig                  0x08002178   Section        0  stm32f10x_i2c.o(i.I2C_AcknowledgeConfig)
    i.I2C_ClearFlag                          0x08002190   Section        0  stm32f10x_i2c.o(i.I2C_ClearFlag)
    i.I2C_GenerateSTART                      0x0800219c   Section        0  stm32f10x_i2c.o(i.I2C_GenerateSTART)
    i.I2C_GenerateSTOP                       0x080021b4   Section        0  stm32f10x_i2c.o(i.I2C_GenerateSTOP)
    i.I2C_GetFlagStatus                      0x080021cc   Section        0  stm32f10x_i2c.o(i.I2C_GetFlagStatus)
    i.I2C_Init                               0x08002208   Section        0  stm32f10x_i2c.o(i.I2C_Init)
    i.I2C_ReadRegister                       0x080022f4   Section        0  stm32f10x_i2c.o(i.I2C_ReadRegister)
    i.I2C_ReceiveData                        0x0800230a   Section        0  stm32f10x_i2c.o(i.I2C_ReceiveData)
    i.I2C_SendData                           0x08002312   Section        0  stm32f10x_i2c.o(i.I2C_SendData)
    i.LED_Init                               0x08002318   Section        0  app_bat.o(i.LED_Init)
    LED_Init                                 0x08002319   Thumb Code    42  app_bat.o(i.LED_Init)
    i.MemManage_Handler                      0x08002348   Section        0  stm32f10x_it.o(i.MemManage_Handler)
    i.Motor_L_Init                           0x0800234c   Section        0  app_pwm.o(i.Motor_L_Init)
    Motor_L_Init                             0x0800234d   Thumb Code   180  app_pwm.o(i.Motor_L_Init)
    i.Motor_R_Init                           0x08002408   Section        0  app_pwm.o(i.Motor_R_Init)
    Motor_R_Init                             0x08002409   Thumb Code   176  app_pwm.o(i.Motor_R_Init)
    i.My_Button_Init                         0x080024c0   Section        0  button.o(i.My_Button_Init)
    i.My_Button_Proc                         0x08002532   Section        0  button.o(i.My_Button_Proc)
    i.My_Button_SetClickCb                   0x080025b2   Section        0  button.o(i.My_Button_SetClickCb)
    i.My_I2C_ReceiveBytes                    0x080025b8   Section        0  i2c.o(i.My_I2C_ReceiveBytes)
    i.My_I2C_SendBytes                       0x080026f4   Section        0  i2c.o(i.My_I2C_SendBytes)
    i.NMI_Handler                            0x08002804   Section        0  stm32f10x_it.o(i.NMI_Handler)
    i.NVIC_Init                              0x08002808   Section        0  misc.o(i.NVIC_Init)
    i.NVIC_PriorityGroupConfig               0x08002878   Section        0  misc.o(i.NVIC_PriorityGroupConfig)
    i.OnButtonEveryPolled                    0x0800288c   Section        0  button.o(i.OnButtonEveryPolled)
    OnButtonEveryPolled                      0x0800288d   Thumb Code   148  button.o(i.OnButtonEveryPolled)
    i.OnButtonPressed                        0x08002920   Section        0  button.o(i.OnButtonPressed)
    OnButtonPressed                          0x08002921   Thumb Code    20  button.o(i.OnButtonPressed)
    i.OnButtonReleased                       0x08002934   Section        0  button.o(i.OnButtonReleased)
    OnButtonReleased                         0x08002935   Thumb Code    56  button.o(i.OnButtonReleased)
    i.OnUserKey_Clicked                      0x0800296c   Section        0  app_button.o(i.OnUserKey_Clicked)
    OnUserKey_Clicked                        0x0800296d   Thumb Code    42  app_button.o(i.OnUserKey_Clicked)
    i.PID_ChangeSP                           0x0800299c   Section        0  pid.o(i.PID_ChangeSP)
    i.PID_Compute                            0x080029a0   Section        0  pid.o(i.PID_Compute)
    i.PID_Init                               0x08002a9c   Section        0  pid.o(i.PID_Init)
    i.PID_LimitConfig                        0x08002ac4   Section        0  pid.o(i.PID_LimitConfig)
    i.PID_Reset                              0x08002aca   Section        0  pid.o(i.PID_Reset)
    i.PendSV_Handler                         0x08002ad8   Section        0  stm32f10x_it.o(i.PendSV_Handler)
    i.RCC_ADCCLKConfig                       0x08002adc   Section        0  stm32f10x_rcc.o(i.RCC_ADCCLKConfig)
    i.RCC_APB1PeriphClockCmd                 0x08002af4   Section        0  stm32f10x_rcc.o(i.RCC_APB1PeriphClockCmd)
    i.RCC_APB1PeriphResetCmd                 0x08002b14   Section        0  stm32f10x_rcc.o(i.RCC_APB1PeriphResetCmd)
    i.RCC_APB2PeriphClockCmd                 0x08002b34   Section        0  stm32f10x_rcc.o(i.RCC_APB2PeriphClockCmd)
    i.RCC_GetClocksFreq                      0x08002b54   Section        0  stm32f10x_rcc.o(i.RCC_GetClocksFreq)
    i.STBY_Pin_Init                          0x08002c28   Section        0  app_pwm.o(i.STBY_Pin_Init)
    STBY_Pin_Init                            0x08002c29   Thumb Code    40  app_pwm.o(i.STBY_Pin_Init)
    i.SVC_Handler                            0x08002c54   Section        0  stm32f10x_it.o(i.SVC_Handler)
    i.SetSysClock                            0x08002c56   Section        0  system_stm32f10x.o(i.SetSysClock)
    SetSysClock                              0x08002c57   Thumb Code     8  system_stm32f10x.o(i.SetSysClock)
    i.SetSysClockTo72                        0x08002c60   Section        0  system_stm32f10x.o(i.SetSysClockTo72)
    SetSysClockTo72                          0x08002c61   Thumb Code   214  system_stm32f10x.o(i.SetSysClockTo72)
    i.SysTick_Handler                        0x08002d40   Section        0  stm32f10x_it.o(i.SysTick_Handler)
    i.SystemInit                             0x08002d5c   Section        0  system_stm32f10x.o(i.SystemInit)
    i.TIM2_TRGO_Init                         0x08002dbc   Section        0  app_bat.o(i.TIM2_TRGO_Init)
    TIM2_TRGO_Init                           0x08002dbd   Thumb Code    70  app_bat.o(i.TIM2_TRGO_Init)
    i.TIM_Cmd                                0x08002e02   Section        0  stm32f10x_tim.o(i.TIM_Cmd)
    i.TIM_CtrlPWMOutputs                     0x08002e1a   Section        0  stm32f10x_tim.o(i.TIM_CtrlPWMOutputs)
    i.TIM_OC1Init                            0x08002e38   Section        0  stm32f10x_tim.o(i.TIM_OC1Init)
    i.TIM_SelectOutputTrigger                0x08002ed0   Section        0  stm32f10x_tim.o(i.TIM_SelectOutputTrigger)
    i.TIM_SetCompare1                        0x08002ee2   Section        0  stm32f10x_tim.o(i.TIM_SetCompare1)
    i.TIM_TimeBaseInit                       0x08002ee8   Section        0  stm32f10x_tim.o(i.TIM_TimeBaseInit)
    i.USART3_IRQHandler                      0x08002f8c   Section        0  app_rc.o(i.USART3_IRQHandler)
    i.USART_Cmd                              0x08002fec   Section        0  stm32f10x_usart.o(i.USART_Cmd)
    i.USART_GetFlagStatus                    0x08003004   Section        0  stm32f10x_usart.o(i.USART_GetFlagStatus)
    i.USART_ITConfig                         0x0800301e   Section        0  stm32f10x_usart.o(i.USART_ITConfig)
    i.USART_Init                             0x08003068   Section        0  stm32f10x_usart.o(i.USART_Init)
    i.USART_ReceiveData                      0x08003140   Section        0  stm32f10x_usart.o(i.USART_ReceiveData)
    i.UsageFault_Handler                     0x0800314a   Section        0  stm32f10x_it.o(i.UsageFault_Handler)
    i.binary_search                          0x0800314e   Section        0  qmath.o(i.binary_search)
    binary_search                            0x0800314f   Thumb Code    86  qmath.o(i.binary_search)
    i.main                                   0x080031a4   Section        0  main.o(i.main)
    i.qatan                                  0x080031ec   Section        0  qmath.o(i.qatan)
    i.qatan2                                 0x08003250   Section        0  qmath.o(i.qatan2)
    i.qcos                                   0x08003300   Section        0  qmath.o(i.qcos)
    i.qsin                                   0x080033c0   Section        0  qmath.o(i.qsin)
    i.reg_read                               0x080034a8   Section        0  app_mpu6050.o(i.reg_read)
    reg_read                                 0x080034a9   Thumb Code    34  app_mpu6050.o(i.reg_read)
    i.reg_write                              0x080034d0   Section        0  app_mpu6050.o(i.reg_write)
    reg_write                                0x080034d1   Thumb Code    28  app_mpu6050.o(i.reg_write)
    locale$$code                             0x080034f0   Section       44  lc_ctype_c.o(locale$$code)
    x$fpl$d2f                                0x0800351c   Section       98  d2f.o(x$fpl$d2f)
    x$fpl$dadd                               0x08003580   Section      336  daddsub_clz.o(x$fpl$dadd)
    _dadd1                                   0x08003591   Thumb Code     0  daddsub_clz.o(x$fpl$dadd)
    x$fpl$dcmpinf                            0x080036d0   Section       24  dcmpi.o(x$fpl$dcmpinf)
    x$fpl$ddiv                               0x080036e8   Section      688  ddiv.o(x$fpl$ddiv)
    ddiv_entry                               0x080036ef   Thumb Code     0  ddiv.o(x$fpl$ddiv)
    x$fpl$dfixu                              0x08003998   Section       90  dfixu.o(x$fpl$dfixu)
    x$fpl$dfltu                              0x080039f2   Section       38  dflt_clz.o(x$fpl$dfltu)
    x$fpl$dleqf                              0x08003a18   Section      120  dleqf.o(x$fpl$dleqf)
    x$fpl$dmul                               0x08003a90   Section      340  dmul.o(x$fpl$dmul)
    x$fpl$dnaninf                            0x08003be4   Section      156  dnaninf.o(x$fpl$dnaninf)
    x$fpl$dretinf                            0x08003c80   Section       12  dretinf.o(x$fpl$dretinf)
    x$fpl$drleqf                             0x08003c8c   Section      108  drleqf.o(x$fpl$drleqf)
    x$fpl$dsub                               0x08003cf8   Section      468  daddsub_clz.o(x$fpl$dsub)
    _dsub1                                   0x08003d09   Thumb Code     0  daddsub_clz.o(x$fpl$dsub)
    x$fpl$f2d                                0x08003ecc   Section       86  f2d.o(x$fpl$f2d)
    x$fpl$fadd                               0x08003f24   Section      196  faddsub_clz.o(x$fpl$fadd)
    _fadd1                                   0x08003f33   Thumb Code     0  faddsub_clz.o(x$fpl$fadd)
    x$fpl$fcmpinf                            0x08003fe8   Section       24  fcmpi.o(x$fpl$fcmpinf)
    x$fpl$fdiv                               0x08004000   Section      388  fdiv.o(x$fpl$fdiv)
    _fdiv1                                   0x08004001   Thumb Code     0  fdiv.o(x$fpl$fdiv)
    x$fpl$feqf                               0x08004184   Section      104  feqf.o(x$fpl$feqf)
    x$fpl$ffixu                              0x080041ec   Section       62  ffixu.o(x$fpl$ffixu)
    x$fpl$fflt                               0x0800422c   Section       48  fflt_clz.o(x$fpl$fflt)
    x$fpl$ffltll                             0x0800425c   Section       96  ffltll_clz.o(x$fpl$ffltll)
    x$fpl$ffltu                              0x080042bc   Section       38  fflt_clz.o(x$fpl$ffltu)
    x$fpl$fleqf                              0x080042e4   Section      104  fleqf.o(x$fpl$fleqf)
    x$fpl$fmul                               0x0800434c   Section      258  fmul.o(x$fpl$fmul)
    x$fpl$fnaninf                            0x0800444e   Section      140  fnaninf.o(x$fpl$fnaninf)
    x$fpl$fretinf                            0x080044da   Section       10  fretinf.o(x$fpl$fretinf)
    x$fpl$frleqf                             0x080044e4   Section       98  frleqf.o(x$fpl$frleqf)
    x$fpl$fsub                               0x08004548   Section      234  faddsub_clz.o(x$fpl$fsub)
    _fsub1                                   0x08004557   Thumb Code     0  faddsub_clz.o(x$fpl$fsub)
    x$fpl$llufromd                           0x08004634   Section      120  dfixull.o(x$fpl$llufromd)
    .constdata                               0x080046ac   Section     8192  qmath.o(.constdata)
    x$fpl$usenofp                            0x080046ac   Section        0  usenofp.o(x$fpl$usenofp)
    sin_vals                                 0x080046ac   Data        4096  qmath.o(.constdata)
    tan_vals                                 0x080056ac   Data        4096  qmath.o(.constdata)
    locale$$data                             0x080066cc   Section      272  lc_ctype_c.o(locale$$data)
    __lcctype_c_name                         0x080066d0   Data           2  lc_ctype_c.o(locale$$data)
    __lcctype_c_start                        0x080066d8   Data           0  lc_ctype_c.o(locale$$data)
    __lcctype_c_end                          0x080067dc   Data           0  lc_ctype_c.o(locale$$data)
    .data                                    0x20000000   Section       20  stm32f10x_rcc.o(.data)
    APBAHBPrescTable                         0x20000000   Data          16  stm32f10x_rcc.o(.data)
    ADCPrescTable                            0x20000010   Data           4  stm32f10x_rcc.o(.data)
    .data                                    0x20000014   Section       12  delay.o(.data)
    delay_initialized_flag                   0x20000018   Data           1  delay.o(.data)
    us_per_mini_tick                         0x2000001c   Data           4  delay.o(.data)
    .data                                    0x20000020   Section        9  app_bat.o(.data)
    Vbat                                     0x20000020   Data           4  app_bat.o(.data)
    lastTime                                 0x20000024   Data           4  app_bat.o(.data)
    stage                                    0x20000028   Data           1  app_bat.o(.data)
    .data                                    0x20000029   Section        1  app_button.o(.data)
    pwm_on                                   0x20000029   Data           1  app_button.o(.data)
    .data                                    0x20000030   Section       56  app_encoder.o(.data)
    encoder_L                                0x20000030   Data           8  app_encoder.o(.data)
    encoder_R                                0x20000038   Data           8  app_encoder.o(.data)
    direction_L                              0x20000040   Data           1  app_encoder.o(.data)
    direction_R                              0x20000041   Data           1  app_encoder.o(.data)
    t0_L                                     0x20000048   Data           8  app_encoder.o(.data)
    t1_L                                     0x20000050   Data           8  app_encoder.o(.data)
    t0_R                                     0x20000058   Data           8  app_encoder.o(.data)
    t1_R                                     0x20000060   Data           8  app_encoder.o(.data)
    .data                                    0x20000068   Section       44  app_mpu6050.o(.data)
    ax                                       0x20000068   Data           4  app_mpu6050.o(.data)
    ay                                       0x2000006c   Data           4  app_mpu6050.o(.data)
    az                                       0x20000070   Data           4  app_mpu6050.o(.data)
    gx                                       0x20000074   Data           4  app_mpu6050.o(.data)
    gy                                       0x20000078   Data           4  app_mpu6050.o(.data)
    gz                                       0x2000007c   Data           4  app_mpu6050.o(.data)
    temperature                              0x20000080   Data           4  app_mpu6050.o(.data)
    yaw                                      0x20000084   Data           4  app_mpu6050.o(.data)
    pitch                                    0x20000088   Data           4  app_mpu6050.o(.data)
    roll                                     0x2000008c   Data           4  app_mpu6050.o(.data)
    nxt                                      0x20000090   Data           4  app_mpu6050.o(.data)
    .data                                    0x20000094   Section        4  app_motor.o(.data)
    nxt                                      0x20000094   Data           4  app_motor.o(.data)
    .data                                    0x20000098   Section       20  app_control.o(.data)
    omega_ref                                0x20000098   Data           4  app_control.o(.data)
    lastTime                                 0x200000a0   Data           8  app_control.o(.data)
    nxt                                      0x200000a8   Data           4  app_control.o(.data)
    .data                                    0x200000ac   Section        4  app_rc.o(.data)
    lineReceivedFlag                         0x200000ac   Data           1  app_rc.o(.data)
    intBufCursor                             0x200000ae   Data           2  app_rc.o(.data)
    .bss                                     0x200000b0   Section       64  app_button.o(.bss)
    userKey                                  0x200000b0   Data          64  app_button.o(.bss)
    .bss                                     0x200000f0   Section       80  app_motor.o(.bss)
    PID_Motor_L                              0x200000f0   Data          40  app_motor.o(.bss)
    PID_Motor_R                              0x20000118   Data          40  app_motor.o(.bss)
    .bss                                     0x20000140   Section      160  app_control.o(.bss)
    pid_velocity                             0x20000140   Data          40  app_control.o(.bss)
    pid_theta                                0x20000168   Data          40  app_control.o(.bss)
    pid_theta_dot                            0x20000190   Data          40  app_control.o(.bss)
    pid_turn                                 0x200001b8   Data          40  app_control.o(.bss)
    .bss                                     0x200001e0   Section      192  app_rc.o(.bss)
    intBuf                                   0x200001e0   Data          64  app_rc.o(.bss)
    transBuf                                 0x20000220   Data          64  app_rc.o(.bss)
    procBuf                                  0x20000260   Data          64  app_rc.o(.bss)
    .bss                                     0x200002a0   Section       96  libspace.o(.bss)
    HEAP                                     0x20000300   Section      512  startup_stm32f10x_md.o(HEAP)
    Heap_Mem                                 0x20000300   Data         512  startup_stm32f10x_md.o(HEAP)
    STACK                                    0x20000500   Section     1024  startup_stm32f10x_md.o(STACK)
    Stack_Mem                                0x20000500   Data        1024  startup_stm32f10x_md.o(STACK)
    __initial_sp                             0x20000900   Data           0  startup_stm32f10x_md.o(STACK)

    Global Symbols

    Symbol Name                              Value     Ov Type        Size  Object(Section)

    BuildAttributes$$THM_ISAv4$P$D$K$B$S$PE$A:L22UL41UL21$X:L11$S22US41US21$IEEE1$IW$USESV6$~STKCKD$USESV7$~SHL$OTIME$ROPI$IEEEJ$EBA8$UX$STANDARDLIB$REQ8$PRES8$EABIv2 0x00000000   Number         0  anon$$obj.o ABSOLUTE
    __ARM_use_no_argv                        0x00000000   Number         0  main.o ABSOLUTE
    _printf_flags                            0x00000000   Number         0  printf_stubs.o ABSOLUTE
    _printf_return_value                     0x00000000   Number         0  printf_stubs.o ABSOLUTE
    _printf_sizespec                         0x00000000   Number         0  printf_stubs.o ABSOLUTE
    _printf_widthprec                        0x00000000   Number         0  printf_stubs.o ABSOLUTE
    __ARM_exceptions_init                     - Undefined Weak Reference
    __alloca_initialize                       - Undefined Weak Reference
    __arm_preinit_                            - Undefined Weak Reference
    __cpp_initialize__aeabi_                  - Undefined Weak Reference
    __cxa_finalize                            - Undefined Weak Reference
    __sigvec_lookup                           - Undefined Weak Reference
    __user_heap_extent                        - Undefined Weak Reference
    _atexit_init                              - Undefined Weak Reference
    _call_atexit_fns                          - Undefined Weak Reference
    _clock_init                               - Undefined Weak Reference
    _fp_trap_init                             - Undefined Weak Reference
    _fp_trap_shutdown                         - Undefined Weak Reference
    _get_lc_collate                           - Undefined Weak Reference
    _get_lc_monetary                          - Undefined Weak Reference
    _get_lc_time                              - Undefined Weak Reference
    _getenv_init                              - Undefined Weak Reference
    _handle_redirection                       - Undefined Weak Reference
    _initio                                   - Undefined Weak Reference
    _mutex_acquire                            - Undefined Weak Reference
    _mutex_free                               - Undefined Weak Reference
    _mutex_release                            - Undefined Weak Reference
    _printf_mbtowc                            - Undefined Weak Reference
    _printf_wc                                - Undefined Weak Reference
    _rand_init                                - Undefined Weak Reference
    _scanf_longlong                           - Undefined Weak Reference
    _scanf_mbtowc                             - Undefined Weak Reference
    _scanf_real                               - Undefined Weak Reference
    _scanf_string                             - Undefined Weak Reference
    _scanf_wctomb                             - Undefined Weak Reference
    _scanf_wstring                            - Undefined Weak Reference
    _signal_finish                            - Undefined Weak Reference
    _signal_init                              - Undefined Weak Reference
    _terminateio                              - Undefined Weak Reference
    __Vectors_Size                           0x000000ec   Number         0  startup_stm32f10x_md.o ABSOLUTE
    __Vectors                                0x08000000   Data           4  startup_stm32f10x_md.o(RESET)
    __Vectors_End                            0x080000ec   Data           0  startup_stm32f10x_md.o(RESET)
    __main                                   0x080000ed   Thumb Code     8  __main.o(!!!main)
    __scatterload                            0x080000f5   Thumb Code     0  __scatter.o(!!!scatter)
    __scatterload_rt2                        0x080000f5   Thumb Code    44  __scatter.o(!!!scatter)
    __scatterload_rt2_thumb_only             0x080000f5   Thumb Code     0  __scatter.o(!!!scatter)
    __scatterload_null                       0x08000103   Thumb Code     0  __scatter.o(!!!scatter)
    __scatterload_copy                       0x08000129   Thumb Code    26  __scatter_copy.o(!!handler_copy)
    __scatterload_zeroinit                   0x08000145   Thumb Code    28  __scatter_zi.o(!!handler_zi)
    __rt_lib_init                            0x08000161   Thumb Code     0  libinit.o(.ARM.Collect$$libinit$$00000000)
    __rt_lib_init_fp_1                       0x08000163   Thumb Code     0  libinit2.o(.ARM.Collect$$libinit$$00000002)
    __rt_lib_init_heap_1                     0x08000163   Thumb Code     0  libinit2.o(.ARM.Collect$$libinit$$0000000A)
    __rt_lib_init_lc_common                  0x08000163   Thumb Code     0  libinit2.o(.ARM.Collect$$libinit$$0000000F)
    __rt_lib_init_preinit_1                  0x08000163   Thumb Code     0  libinit2.o(.ARM.Collect$$libinit$$00000004)
    __rt_lib_init_rand_1                     0x08000163   Thumb Code     0  libinit2.o(.ARM.Collect$$libinit$$0000000E)
    __rt_lib_init_user_alloc_1               0x08000163   Thumb Code     0  libinit2.o(.ARM.Collect$$libinit$$0000000C)
    __rt_lib_init_lc_collate_1               0x08000169   Thumb Code     0  libinit2.o(.ARM.Collect$$libinit$$00000011)
    __rt_lib_init_lc_ctype_2                 0x08000169   Thumb Code     0  libinit2.o(.ARM.Collect$$libinit$$00000012)
    __rt_lib_init_alloca_1                   0x08000175   Thumb Code     0  libinit2.o(.ARM.Collect$$libinit$$0000002E)
    __rt_lib_init_argv_1                     0x08000175   Thumb Code     0  libinit2.o(.ARM.Collect$$libinit$$0000002C)
    __rt_lib_init_atexit_1                   0x08000175   Thumb Code     0  libinit2.o(.ARM.Collect$$libinit$$0000001B)
    __rt_lib_init_clock_1                    0x08000175   Thumb Code     0  libinit2.o(.ARM.Collect$$libinit$$00000021)
    __rt_lib_init_cpp_1                      0x08000175   Thumb Code     0  libinit2.o(.ARM.Collect$$libinit$$00000032)
    __rt_lib_init_exceptions_1               0x08000175   Thumb Code     0  libinit2.o(.ARM.Collect$$libinit$$00000030)
    __rt_lib_init_fp_trap_1                  0x08000175   Thumb Code     0  libinit2.o(.ARM.Collect$$libinit$$0000001F)
    __rt_lib_init_getenv_1                   0x08000175   Thumb Code     0  libinit2.o(.ARM.Collect$$libinit$$00000023)
    __rt_lib_init_lc_ctype_1                 0x08000175   Thumb Code     0  libinit2.o(.ARM.Collect$$libinit$$00000013)
    __rt_lib_init_lc_monetary_1              0x08000175   Thumb Code     0  libinit2.o(.ARM.Collect$$libinit$$00000015)
    __rt_lib_init_lc_numeric_1               0x08000175   Thumb Code     0  libinit2.o(.ARM.Collect$$libinit$$00000017)
    __rt_lib_init_lc_time_1                  0x08000175   Thumb Code     0  libinit2.o(.ARM.Collect$$libinit$$00000019)
    __rt_lib_init_return                     0x08000175   Thumb Code     0  libinit2.o(.ARM.Collect$$libinit$$00000033)
    __rt_lib_init_signal_1                   0x08000175   Thumb Code     0  libinit2.o(.ARM.Collect$$libinit$$0000001D)
    __rt_lib_init_stdio_1                    0x08000175   Thumb Code     0  libinit2.o(.ARM.Collect$$libinit$$00000025)
    __rt_lib_shutdown                        0x08000177   Thumb Code     0  libshutdown.o(.ARM.Collect$$libshutdown$$00000000)
    __rt_lib_shutdown_cpp_1                  0x08000179   Thumb Code     0  libshutdown2.o(.ARM.Collect$$libshutdown$$00000002)
    __rt_lib_shutdown_fp_trap_1              0x08000179   Thumb Code     0  libshutdown2.o(.ARM.Collect$$libshutdown$$00000007)
    __rt_lib_shutdown_heap_1                 0x08000179   Thumb Code     0  libshutdown2.o(.ARM.Collect$$libshutdown$$0000000F)
    __rt_lib_shutdown_return                 0x08000179   Thumb Code     0  libshutdown2.o(.ARM.Collect$$libshutdown$$00000010)
    __rt_lib_shutdown_signal_1               0x08000179   Thumb Code     0  libshutdown2.o(.ARM.Collect$$libshutdown$$0000000A)
    __rt_lib_shutdown_stdio_1                0x08000179   Thumb Code     0  libshutdown2.o(.ARM.Collect$$libshutdown$$00000004)
    __rt_lib_shutdown_user_alloc_1           0x08000179   Thumb Code     0  libshutdown2.o(.ARM.Collect$$libshutdown$$0000000C)
    __rt_entry                               0x0800017b   Thumb Code     0  __rtentry.o(.ARM.Collect$$rtentry$$00000000)
    __rt_entry_presh_1                       0x0800017b   Thumb Code     0  __rtentry2.o(.ARM.Collect$$rtentry$$00000002)
    __rt_entry_sh                            0x0800017b   Thumb Code     0  __rtentry4.o(.ARM.Collect$$rtentry$$00000004)
    __rt_entry_li                            0x08000181   Thumb Code     0  __rtentry2.o(.ARM.Collect$$rtentry$$0000000A)
    __rt_entry_postsh_1                      0x08000181   Thumb Code     0  __rtentry2.o(.ARM.Collect$$rtentry$$00000009)
    __rt_entry_main                          0x08000185   Thumb Code     0  __rtentry2.o(.ARM.Collect$$rtentry$$0000000D)
    __rt_entry_postli_1                      0x08000185   Thumb Code     0  __rtentry2.o(.ARM.Collect$$rtentry$$0000000C)
    __rt_exit                                0x0800018d   Thumb Code     0  rtexit.o(.ARM.Collect$$rtexit$$00000000)
    __rt_exit_ls                             0x0800018f   Thumb Code     0  rtexit2.o(.ARM.Collect$$rtexit$$00000003)
    __rt_exit_prels_1                        0x0800018f   Thumb Code     0  rtexit2.o(.ARM.Collect$$rtexit$$00000002)
    __rt_exit_exit                           0x08000193   Thumb Code     0  rtexit2.o(.ARM.Collect$$rtexit$$00000004)
    Reset_Handler                            0x08000199   Thumb Code     8  startup_stm32f10x_md.o(.text)
    CAN1_RX1_IRQHandler                      0x080001b3   Thumb Code     0  startup_stm32f10x_md.o(.text)
    CAN1_SCE_IRQHandler                      0x080001b3   Thumb Code     0  startup_stm32f10x_md.o(.text)
    DMA1_Channel1_IRQHandler                 0x080001b3   Thumb Code     0  startup_stm32f10x_md.o(.text)
    DMA1_Channel2_IRQHandler                 0x080001b3   Thumb Code     0  startup_stm32f10x_md.o(.text)
    DMA1_Channel3_IRQHandler                 0x080001b3   Thumb Code     0  startup_stm32f10x_md.o(.text)
    DMA1_Channel4_IRQHandler                 0x080001b3   Thumb Code     0  startup_stm32f10x_md.o(.text)
    DMA1_Channel5_IRQHandler                 0x080001b3   Thumb Code     0  startup_stm32f10x_md.o(.text)
    DMA1_Channel6_IRQHandler                 0x080001b3   Thumb Code     0  startup_stm32f10x_md.o(.text)
    DMA1_Channel7_IRQHandler                 0x080001b3   Thumb Code     0  startup_stm32f10x_md.o(.text)
    EXTI0_IRQHandler                         0x080001b3   Thumb Code     0  startup_stm32f10x_md.o(.text)
    EXTI1_IRQHandler                         0x080001b3   Thumb Code     0  startup_stm32f10x_md.o(.text)
    EXTI2_IRQHandler                         0x080001b3   Thumb Code     0  startup_stm32f10x_md.o(.text)
    EXTI4_IRQHandler                         0x080001b3   Thumb Code     0  startup_stm32f10x_md.o(.text)
    EXTI9_5_IRQHandler                       0x080001b3   Thumb Code     0  startup_stm32f10x_md.o(.text)
    FLASH_IRQHandler                         0x080001b3   Thumb Code     0  startup_stm32f10x_md.o(.text)
    I2C1_ER_IRQHandler                       0x080001b3   Thumb Code     0  startup_stm32f10x_md.o(.text)
    I2C1_EV_IRQHandler                       0x080001b3   Thumb Code     0  startup_stm32f10x_md.o(.text)
    I2C2_ER_IRQHandler                       0x080001b3   Thumb Code     0  startup_stm32f10x_md.o(.text)
    I2C2_EV_IRQHandler                       0x080001b3   Thumb Code     0  startup_stm32f10x_md.o(.text)
    PVD_IRQHandler                           0x080001b3   Thumb Code     0  startup_stm32f10x_md.o(.text)
    RCC_IRQHandler                           0x080001b3   Thumb Code     0  startup_stm32f10x_md.o(.text)
    RTCAlarm_IRQHandler                      0x080001b3   Thumb Code     0  startup_stm32f10x_md.o(.text)
    RTC_IRQHandler                           0x080001b3   Thumb Code     0  startup_stm32f10x_md.o(.text)
    SPI1_IRQHandler                          0x080001b3   Thumb Code     0  startup_stm32f10x_md.o(.text)
    SPI2_IRQHandler                          0x080001b3   Thumb Code     0  startup_stm32f10x_md.o(.text)
    TAMPER_IRQHandler                        0x080001b3   Thumb Code     0  startup_stm32f10x_md.o(.text)
    TIM1_BRK_IRQHandler                      0x080001b3   Thumb Code     0  startup_stm32f10x_md.o(.text)
    TIM1_CC_IRQHandler                       0x080001b3   Thumb Code     0  startup_stm32f10x_md.o(.text)
    TIM1_TRG_COM_IRQHandler                  0x080001b3   Thumb Code     0  startup_stm32f10x_md.o(.text)
    TIM1_UP_IRQHandler                       0x080001b3   Thumb Code     0  startup_stm32f10x_md.o(.text)
    TIM2_IRQHandler                          0x080001b3   Thumb Code     0  startup_stm32f10x_md.o(.text)
    TIM3_IRQHandler                          0x080001b3   Thumb Code     0  startup_stm32f10x_md.o(.text)
    TIM4_IRQHandler                          0x080001b3   Thumb Code     0  startup_stm32f10x_md.o(.text)
    USART1_IRQHandler                        0x080001b3   Thumb Code     0  startup_stm32f10x_md.o(.text)
    USART2_IRQHandler                        0x080001b3   Thumb Code     0  startup_stm32f10x_md.o(.text)
    USBWakeUp_IRQHandler                     0x080001b3   Thumb Code     0  startup_stm32f10x_md.o(.text)
    USB_HP_CAN1_TX_IRQHandler                0x080001b3   Thumb Code     0  startup_stm32f10x_md.o(.text)
    USB_LP_CAN1_RX0_IRQHandler               0x080001b3   Thumb Code     0  startup_stm32f10x_md.o(.text)
    WWDG_IRQHandler                          0x080001b3   Thumb Code     0  startup_stm32f10x_md.o(.text)
    __user_initial_stackheap                 0x080001b5   Thumb Code     0  startup_stm32f10x_md.o(.text)
    __0sscanf                                0x080001d9   Thumb Code    52  __0sscanf.o(.text)
    _scanf_int                               0x08000215   Thumb Code   332  _scanf_int.o(.text)
    strcpy                                   0x08000361   Thumb Code    72  strcpy.o(.text)
    strncasecmp                              0x080003a9   Thumb Code    50  strncasecmp.o(.text)
    __aeabi_memclr4                          0x080003db   Thumb Code     0  rt_memclr_w.o(.text)
    __aeabi_memclr8                          0x080003db   Thumb Code     0  rt_memclr_w.o(.text)
    __rt_memclr_w                            0x080003db   Thumb Code    78  rt_memclr_w.o(.text)
    _memset_w                                0x080003df   Thumb Code     0  rt_memclr_w.o(.text)
    __use_two_region_memory                  0x08000429   Thumb Code     2  heapauxi.o(.text)
    __rt_heap_escrow                         0x0800042b   Thumb Code     2  heapauxi.o(.text)
    __rt_heap_expand                         0x0800042d   Thumb Code     2  heapauxi.o(.text)
    tolower                                  0x0800042f   Thumb Code    26  tolower.o(.text)
    _chval                                   0x08000449   Thumb Code    28  _chval.o(.text)
    __vfscanf_char                           0x08000471   Thumb Code    24  scanf_char.o(.text)
    _sgetc                                   0x08000491   Thumb Code    30  _sgetc.o(.text)
    _sbackspace                              0x080004af   Thumb Code    34  _sgetc.o(.text)
    __user_libspace                          0x080004d1   Thumb Code     8  libspace.o(.text)
    __user_perproc_libspace                  0x080004d1   Thumb Code     0  libspace.o(.text)
    __user_perthread_libspace                0x080004d1   Thumb Code     0  libspace.o(.text)
    __rt_ctype_table                         0x080004d9   Thumb Code    16  rt_ctype_table.o(.text)
    isspace                                  0x080004e9   Thumb Code    18  isspace.o(.text)
    __vfscanf                                0x080004fd   Thumb Code   878  _scanf.o(.text)
    __I$use$semihosting                      0x08000871   Thumb Code     0  use_no_semi.o(.text)
    __use_no_semihosting_swi                 0x08000871   Thumb Code     2  use_no_semi.o(.text)
    __semihosting_library_function           0x08000873   Thumb Code     0  indicate_semi.o(.text)
    __user_setup_stackheap                   0x08000873   Thumb Code    74  sys_stackheap_outer.o(.text)
    __rt_locale                              0x080008bd   Thumb Code     8  rt_locale_intlibspace.o(.text)
    exit                                     0x080008c5   Thumb Code    18  exit.o(.text)
    _sys_exit                                0x080008d9   Thumb Code     8  sys_exit.o(.text)
    strcmp                                   0x080008e5   Thumb Code   128  strcmpv7m.o(.text)
    ADC1_2_IRQHandler                        0x08000965   Thumb Code   106  app_bat.o(i.ADC1_2_IRQHandler)
    ADC_ClearFlag                            0x08000aa5   Thumb Code     6  stm32f10x_adc.o(i.ADC_ClearFlag)
    ADC_Cmd                                  0x08000aab   Thumb Code    22  stm32f10x_adc.o(i.ADC_Cmd)
    ADC_ExternalTrigInjectedConvCmd          0x08000ac1   Thumb Code    22  stm32f10x_adc.o(i.ADC_ExternalTrigInjectedConvCmd)
    ADC_ExternalTrigInjectedConvConfig       0x08000ad7   Thumb Code    16  stm32f10x_adc.o(i.ADC_ExternalTrigInjectedConvConfig)
    ADC_GetFlagStatus                        0x08000ae7   Thumb Code    18  stm32f10x_adc.o(i.ADC_GetFlagStatus)
    ADC_GetInjectedConversionValue           0x08000af9   Thumb Code    28  stm32f10x_adc.o(i.ADC_GetInjectedConversionValue)
    ADC_ITConfig                             0x08000b15   Thumb Code    24  stm32f10x_adc.o(i.ADC_ITConfig)
    ADC_Init                                 0x08000b2d   Thumb Code    70  stm32f10x_adc.o(i.ADC_Init)
    ADC_InjectedChannelConfig                0x08000b7d   Thumb Code   130  stm32f10x_adc.o(i.ADC_InjectedChannelConfig)
    App_Bat_Get                              0x08000c01   Thumb Code     6  app_bat.o(i.App_Bat_Get)
    App_Bat_Init                             0x08000c0d   Thumb Code    16  app_bat.o(i.App_Bat_Init)
    App_Bat_proc                             0x08000c1d   Thumb Code   288  app_bat.o(i.App_Bat_proc)
    App_Button_Init                          0x08000d61   Thumb Code    36  app_button.o(i.App_Button_Init)
    App_Button_Proc                          0x08000d91   Thumb Code    10  app_button.o(i.App_Button_Proc)
    App_Control_Init                         0x08000da1   Thumb Code    98  app_control.o(i.App_Control_Init)
    App_Control_Proc                         0x08000e39   Thumb Code   442  app_control.o(i.App_Control_Proc)
    App_Control_Reset                        0x08001039   Thumb Code    36  app_control.o(i.App_Control_Reset)
    App_Control_SetMoveSpeed                 0x08001071   Thumb Code    14  app_control.o(i.App_Control_SetMoveSpeed)
    App_Control_SetTurnSpeed                 0x08001085   Thumb Code    14  app_control.o(i.App_Control_SetTurnSpeed)
    App_Encoder_GetSpeed_L                   0x08001099   Thumb Code   162  app_encoder.o(i.App_Encoder_GetSpeed_L)
    App_Encoder_GetSpeed_R                   0x08001159   Thumb Code   162  app_encoder.o(i.App_Encoder_GetSpeed_R)
    App_Encoder_Init                         0x08001219   Thumb Code    12  app_encoder.o(i.App_Encoder_Init)
    App_Motor_Cmd                            0x08001225   Thumb Code    24  app_motor.o(i.App_Motor_Cmd)
    App_Motor_Init                           0x08001245   Thumb Code    52  app_motor.o(i.App_Motor_Init)
    App_Motor_Proc                           0x0800128d   Thumb Code   120  app_motor.o(i.App_Motor_Proc)
    App_Motor_SetOmega_L                     0x08001315   Thumb Code    14  app_motor.o(i.App_Motor_SetOmega_L)
    App_Motor_SetOmega_R                     0x08001329   Thumb Code    14  app_motor.o(i.App_Motor_SetOmega_R)
    App_PWM_Cmd                              0x0800133d   Thumb Code    30  app_pwm.o(i.App_PWM_Cmd)
    App_PWM_Init                             0x08001361   Thumb Code    16  app_pwm.o(i.App_PWM_Init)
    App_PWM_Set_L                            0x08001371   Thumb Code   120  app_pwm.o(i.App_PWM_Set_L)
    App_PWM_Set_R                            0x080013fd   Thumb Code   116  app_pwm.o(i.App_PWM_Set_R)
    App_RC_Init                              0x08001485   Thumb Code   180  app_rc.o(i.App_RC_Init)
    App_RC_Proc                              0x08001541   Thumb Code   116  app_rc.o(i.App_RC_Proc)
    App_USART2_Init                          0x080015e1   Thumb Code   126  app_usart.o(i.App_USART2_Init)
    App_mpu6050_GetGx                        0x08001669   Thumb Code     6  app_mpu6050.o(i.App_mpu6050_GetGx)
    App_mpu6050_GetGz                        0x08001675   Thumb Code     6  app_mpu6050.o(i.App_mpu6050_GetGz)
    App_mpu6050_Getpitch                     0x08001681   Thumb Code     6  app_mpu6050.o(i.App_mpu6050_Getpitch)
    App_mpu6050_Init                         0x0800168d   Thumb Code   164  app_mpu6050.o(i.App_mpu6050_Init)
    App_mpu6050_Proc                         0x0800173d   Thumb Code   384  app_mpu6050.o(i.App_mpu6050_Proc)
    App_mpu6050_Update                       0x08001905   Thumb Code   288  app_mpu6050.o(i.App_mpu6050_Update)
    BusFault_Handler                         0x08001a51   Thumb Code     4  stm32f10x_it.o(i.BusFault_Handler)
    DebugMon_Handler                         0x08001a55   Thumb Code     2  stm32f10x_it.o(i.DebugMon_Handler)
    Delay                                    0x08001a59   Thumb Code    32  delay.o(i.Delay)
    Delay_Init                               0x08001a7d   Thumb Code   192  delay.o(i.Delay_Init)
    EXTI15_10_IRQHandler                     0x08001b51   Thumb Code   168  app_encoder.o(i.EXTI15_10_IRQHandler)
    EXTI3_IRQHandler                         0x08001c0d   Thumb Code   150  app_encoder.o(i.EXTI3_IRQHandler)
    EXTI_ClearFlag                           0x08001cb9   Thumb Code     6  stm32f10x_exti.o(i.EXTI_ClearFlag)
    EXTI_GetFlagStatus                       0x08001cc5   Thumb Code    20  stm32f10x_exti.o(i.EXTI_GetFlagStatus)
    EXTI_Init                                0x08001cdd   Thumb Code   142  stm32f10x_exti.o(i.EXTI_Init)
    GPIO_EXTILineConfig                      0x08001ee1   Thumb Code    60  stm32f10x_gpio.o(i.GPIO_EXTILineConfig)
    GPIO_Init                                0x08001f21   Thumb Code   278  stm32f10x_gpio.o(i.GPIO_Init)
    GPIO_PinRemapConfig                      0x08002039   Thumb Code   138  stm32f10x_gpio.o(i.GPIO_PinRemapConfig)
    GPIO_ReadInputDataBit                    0x080020c9   Thumb Code    18  stm32f10x_gpio.o(i.GPIO_ReadInputDataBit)
    GPIO_WriteBit                            0x080020db   Thumb Code    10  stm32f10x_gpio.o(i.GPIO_WriteBit)
    GetTick                                  0x080020e5   Thumb Code    12  delay.o(i.GetTick)
    GetUs                                    0x080020f5   Thumb Code   118  delay.o(i.GetUs)
    HardFault_Handler                        0x08002175   Thumb Code     4  stm32f10x_it.o(i.HardFault_Handler)
    I2C_AcknowledgeConfig                    0x08002179   Thumb Code    24  stm32f10x_i2c.o(i.I2C_AcknowledgeConfig)
    I2C_ClearFlag                            0x08002191   Thumb Code    12  stm32f10x_i2c.o(i.I2C_ClearFlag)
    I2C_GenerateSTART                        0x0800219d   Thumb Code    24  stm32f10x_i2c.o(i.I2C_GenerateSTART)
    I2C_GenerateSTOP                         0x080021b5   Thumb Code    24  stm32f10x_i2c.o(i.I2C_GenerateSTOP)
    I2C_GetFlagStatus                        0x080021cd   Thumb Code    58  stm32f10x_i2c.o(i.I2C_GetFlagStatus)
    I2C_Init                                 0x08002209   Thumb Code   222  stm32f10x_i2c.o(i.I2C_Init)
    I2C_ReadRegister                         0x080022f5   Thumb Code    22  stm32f10x_i2c.o(i.I2C_ReadRegister)
    I2C_ReceiveData                          0x0800230b   Thumb Code     8  stm32f10x_i2c.o(i.I2C_ReceiveData)
    I2C_SendData                             0x08002313   Thumb Code     4  stm32f10x_i2c.o(i.I2C_SendData)
    MemManage_Handler                        0x08002349   Thumb Code     4  stm32f10x_it.o(i.MemManage_Handler)
    My_Button_Init                           0x080024c1   Thumb Code   114  button.o(i.My_Button_Init)
    My_Button_Proc                           0x08002533   Thumb Code   128  button.o(i.My_Button_Proc)
    My_Button_SetClickCb                     0x080025b3   Thumb Code     4  button.o(i.My_Button_SetClickCb)
    My_I2C_ReceiveBytes                      0x080025b9   Thumb Code   308  i2c.o(i.My_I2C_ReceiveBytes)
    My_I2C_SendBytes                         0x080026f5   Thumb Code   262  i2c.o(i.My_I2C_SendBytes)
    NMI_Handler                              0x08002805   Thumb Code     2  stm32f10x_it.o(i.NMI_Handler)
    NVIC_Init                                0x08002809   Thumb Code   100  misc.o(i.NVIC_Init)
    NVIC_PriorityGroupConfig                 0x08002879   Thumb Code    10  misc.o(i.NVIC_PriorityGroupConfig)
    PID_ChangeSP                             0x0800299d   Thumb Code     4  pid.o(i.PID_ChangeSP)
    PID_Compute                              0x080029a1   Thumb Code   248  pid.o(i.PID_Compute)
    PID_Init                                 0x08002a9d   Thumb Code    32  pid.o(i.PID_Init)
    PID_LimitConfig                          0x08002ac5   Thumb Code     6  pid.o(i.PID_LimitConfig)
    PID_Reset                                0x08002acb   Thumb Code    14  pid.o(i.PID_Reset)
    PendSV_Handler                           0x08002ad9   Thumb Code     2  stm32f10x_it.o(i.PendSV_Handler)
    RCC_ADCCLKConfig                         0x08002add   Thumb Code    18  stm32f10x_rcc.o(i.RCC_ADCCLKConfig)
    RCC_APB1PeriphClockCmd                   0x08002af5   Thumb Code    26  stm32f10x_rcc.o(i.RCC_APB1PeriphClockCmd)
    RCC_APB1PeriphResetCmd                   0x08002b15   Thumb Code    26  stm32f10x_rcc.o(i.RCC_APB1PeriphResetCmd)
    RCC_APB2PeriphClockCmd                   0x08002b35   Thumb Code    26  stm32f10x_rcc.o(i.RCC_APB2PeriphClockCmd)
    RCC_GetClocksFreq                        0x08002b55   Thumb Code   192  stm32f10x_rcc.o(i.RCC_GetClocksFreq)
    SVC_Handler                              0x08002c55   Thumb Code     2  stm32f10x_it.o(i.SVC_Handler)
    SysTick_Handler                          0x08002d41   Thumb Code    24  stm32f10x_it.o(i.SysTick_Handler)
    SystemInit                               0x08002d5d   Thumb Code    78  system_stm32f10x.o(i.SystemInit)
    TIM_Cmd                                  0x08002e03   Thumb Code    24  stm32f10x_tim.o(i.TIM_Cmd)
    TIM_CtrlPWMOutputs                       0x08002e1b   Thumb Code    30  stm32f10x_tim.o(i.TIM_CtrlPWMOutputs)
    TIM_OC1Init                              0x08002e39   Thumb Code   132  stm32f10x_tim.o(i.TIM_OC1Init)
    TIM_SelectOutputTrigger                  0x08002ed1   Thumb Code    18  stm32f10x_tim.o(i.TIM_SelectOutputTrigger)
    TIM_SetCompare1                          0x08002ee3   Thumb Code     4  stm32f10x_tim.o(i.TIM_SetCompare1)
    TIM_TimeBaseInit                         0x08002ee9   Thumb Code   122  stm32f10x_tim.o(i.TIM_TimeBaseInit)
    USART3_IRQHandler                        0x08002f8d   Thumb Code    76  app_rc.o(i.USART3_IRQHandler)
    USART_Cmd                                0x08002fed   Thumb Code    24  stm32f10x_usart.o(i.USART_Cmd)
    USART_GetFlagStatus                      0x08003005   Thumb Code    26  stm32f10x_usart.o(i.USART_GetFlagStatus)
    USART_ITConfig                           0x0800301f   Thumb Code    74  stm32f10x_usart.o(i.USART_ITConfig)
    USART_Init                               0x08003069   Thumb Code   210  stm32f10x_usart.o(i.USART_Init)
    USART_ReceiveData                        0x08003141   Thumb Code    10  stm32f10x_usart.o(i.USART_ReceiveData)
    UsageFault_Handler                       0x0800314b   Thumb Code     4  stm32f10x_it.o(i.UsageFault_Handler)
    main                                     0x080031a5   Thumb Code    72  main.o(i.main)
    qatan                                    0x080031ed   Thumb Code    84  qmath.o(i.qatan)
    qatan2                                   0x08003251   Thumb Code   154  qmath.o(i.qatan2)
    qcos                                     0x08003301   Thumb Code   174  qmath.o(i.qcos)
    qsin                                     0x080033c1   Thumb Code   210  qmath.o(i.qsin)
    _get_lc_ctype                            0x080034f1   Thumb Code    44  lc_ctype_c.o(locale$$code)
    __aeabi_d2f                              0x0800351d   Thumb Code     0  d2f.o(x$fpl$d2f)
    _d2f                                     0x0800351d   Thumb Code    98  d2f.o(x$fpl$d2f)
    __aeabi_dadd                             0x08003581   Thumb Code     0  daddsub_clz.o(x$fpl$dadd)
    _dadd                                    0x08003581   Thumb Code   332  daddsub_clz.o(x$fpl$dadd)
    __fpl_dcmp_Inf                           0x080036d1   Thumb Code    24  dcmpi.o(x$fpl$dcmpinf)
    __aeabi_ddiv                             0x080036e9   Thumb Code     0  ddiv.o(x$fpl$ddiv)
    _ddiv                                    0x080036e9   Thumb Code   552  ddiv.o(x$fpl$ddiv)
    __aeabi_d2uiz                            0x08003999   Thumb Code     0  dfixu.o(x$fpl$dfixu)
    _dfixu                                   0x08003999   Thumb Code    90  dfixu.o(x$fpl$dfixu)
    __aeabi_ui2d                             0x080039f3   Thumb Code     0  dflt_clz.o(x$fpl$dfltu)
    _dfltu                                   0x080039f3   Thumb Code    38  dflt_clz.o(x$fpl$dfltu)
    __aeabi_cdcmple                          0x08003a19   Thumb Code     0  dleqf.o(x$fpl$dleqf)
    _dcmple                                  0x08003a19   Thumb Code   120  dleqf.o(x$fpl$dleqf)
    __fpl_dcmple_InfNaN                      0x08003a7b   Thumb Code     0  dleqf.o(x$fpl$dleqf)
    __aeabi_dmul                             0x08003a91   Thumb Code     0  dmul.o(x$fpl$dmul)
    _dmul                                    0x08003a91   Thumb Code   332  dmul.o(x$fpl$dmul)
    __fpl_dnaninf                            0x08003be5   Thumb Code   156  dnaninf.o(x$fpl$dnaninf)
    __fpl_dretinf                            0x08003c81   Thumb Code    12  dretinf.o(x$fpl$dretinf)
    __aeabi_cdrcmple                         0x08003c8d   Thumb Code     0  drleqf.o(x$fpl$drleqf)
    _drcmple                                 0x08003c8d   Thumb Code   108  drleqf.o(x$fpl$drleqf)
    __aeabi_dsub                             0x08003cf9   Thumb Code     0  daddsub_clz.o(x$fpl$dsub)
    _dsub                                    0x08003cf9   Thumb Code   464  daddsub_clz.o(x$fpl$dsub)
    __aeabi_f2d                              0x08003ecd   Thumb Code     0  f2d.o(x$fpl$f2d)
    _f2d                                     0x08003ecd   Thumb Code    86  f2d.o(x$fpl$f2d)
    __aeabi_fadd                             0x08003f25   Thumb Code     0  faddsub_clz.o(x$fpl$fadd)
    _fadd                                    0x08003f25   Thumb Code   196  faddsub_clz.o(x$fpl$fadd)
    __fpl_fcmp_Inf                           0x08003fe9   Thumb Code    24  fcmpi.o(x$fpl$fcmpinf)
    __aeabi_fdiv                             0x08004001   Thumb Code     0  fdiv.o(x$fpl$fdiv)
    _fdiv                                    0x08004001   Thumb Code   384  fdiv.o(x$fpl$fdiv)
    __aeabi_cfcmpeq                          0x08004185   Thumb Code     0  feqf.o(x$fpl$feqf)
    _fcmpeq                                  0x08004185   Thumb Code   104  feqf.o(x$fpl$feqf)
    __aeabi_f2uiz                            0x080041ed   Thumb Code     0  ffixu.o(x$fpl$ffixu)
    _ffixu                                   0x080041ed   Thumb Code    62  ffixu.o(x$fpl$ffixu)
    __aeabi_i2f                              0x0800422d   Thumb Code     0  fflt_clz.o(x$fpl$fflt)
    _fflt                                    0x0800422d   Thumb Code    48  fflt_clz.o(x$fpl$fflt)
    __aeabi_ul2f                             0x0800425d   Thumb Code     0  ffltll_clz.o(x$fpl$ffltll)
    _ll_uto_f                                0x0800425d   Thumb Code     6  ffltll_clz.o(x$fpl$ffltll)
    __aeabi_l2f                              0x08004263   Thumb Code     0  ffltll_clz.o(x$fpl$ffltll)
    _ll_sto_f                                0x08004263   Thumb Code    90  ffltll_clz.o(x$fpl$ffltll)
    __aeabi_ui2f                             0x080042bd   Thumb Code     0  fflt_clz.o(x$fpl$ffltu)
    _ffltu                                   0x080042bd   Thumb Code    38  fflt_clz.o(x$fpl$ffltu)
    __aeabi_cfcmple                          0x080042e5   Thumb Code     0  fleqf.o(x$fpl$fleqf)
    _fcmple                                  0x080042e5   Thumb Code   104  fleqf.o(x$fpl$fleqf)
    __fpl_fcmple_InfNaN                      0x08004337   Thumb Code     0  fleqf.o(x$fpl$fleqf)
    __aeabi_fmul                             0x0800434d   Thumb Code     0  fmul.o(x$fpl$fmul)
    _fmul                                    0x0800434d   Thumb Code   258  fmul.o(x$fpl$fmul)
    __fpl_fnaninf                            0x0800444f   Thumb Code   140  fnaninf.o(x$fpl$fnaninf)
    __fpl_fretinf                            0x080044db   Thumb Code    10  fretinf.o(x$fpl$fretinf)
    __aeabi_cfrcmple                         0x080044e5   Thumb Code     0  frleqf.o(x$fpl$frleqf)
    _frcmple                                 0x080044e5   Thumb Code    98  frleqf.o(x$fpl$frleqf)
    __aeabi_fsub                             0x08004549   Thumb Code     0  faddsub_clz.o(x$fpl$fsub)
    _fsub                                    0x08004549   Thumb Code   234  faddsub_clz.o(x$fpl$fsub)
    __aeabi_d2ulz                            0x08004635   Thumb Code     0  dfixull.o(x$fpl$llufromd)
    _ll_ufrom_d                              0x08004635   Thumb Code   120  dfixull.o(x$fpl$llufromd)
    __I$use$fp                               0x080046ac   Number         0  usenofp.o(x$fpl$usenofp)
    Region$$Table$$Base                      0x080066ac   Number         0  anon$$obj.o(Region$$Table)
    Region$$Table$$Limit                     0x080066cc   Number         0  anon$$obj.o(Region$$Table)
    __ctype                                  0x080066d9   Data           0  lc_ctype_c.o(locale$$data)
    ulTicks                                  0x20000014   Data           4  delay.o(.data)
    __libspace_start                         0x200002a0   Data          96  libspace.o(.bss)
    __temporary_stack_top$libspace           0x20000300   Data           0  libspace.o(.bss)



==============================================================================

Memory Map of the image

  Image Entry point : 0x080000ed

  Load Region LR_IROM1 (Base: 0x08000000, Size: 0x0000688c, Max: 0x00010000, ABSOLUTE)

    Execution Region ER_IROM1 (Exec base: 0x08000000, Load base: 0x08000000, Size: 0x000067dc, Max: 0x00010000, ABSOLUTE)

    Exec Addr    Load Addr    Size         Type   Attr      Idx    E Section Name        Object

    0x08000000   0x08000000   0x000000ec   Data   RO            3    RESET               startup_stm32f10x_md.o
    0x080000ec   0x080000ec   0x00000008   Code   RO         4589  * !!!main             c_w.l(__main.o)
    0x080000f4   0x080000f4   0x00000034   Code   RO         5062    !!!scatter          c_w.l(__scatter.o)
    0x08000128   0x08000128   0x0000001a   Code   RO         5064    !!handler_copy      c_w.l(__scatter_copy.o)
    0x08000142   0x08000142   0x00000002   PAD
    0x08000144   0x08000144   0x0000001c   Code   RO         5066    !!handler_zi        c_w.l(__scatter_zi.o)
    0x08000160   0x08000160   0x00000002   Code   RO         4995    .ARM.Collect$$libinit$$00000000  c_w.l(libinit.o)
    0x08000162   0x08000162   0x00000000   Code   RO         4801    .ARM.Collect$$libinit$$00000002  c_w.l(libinit2.o)
    0x08000162   0x08000162   0x00000000   Code   RO         4803    .ARM.Collect$$libinit$$00000004  c_w.l(libinit2.o)
    0x08000162   0x08000162   0x00000000   Code   RO         4806    .ARM.Collect$$libinit$$0000000A  c_w.l(libinit2.o)
    0x08000162   0x08000162   0x00000000   Code   RO         4808    .ARM.Collect$$libinit$$0000000C  c_w.l(libinit2.o)
    0x08000162   0x08000162   0x00000000   Code   RO         4810    .ARM.Collect$$libinit$$0000000E  c_w.l(libinit2.o)
    0x08000162   0x08000162   0x00000006   Code   RO         4811    .ARM.Collect$$libinit$$0000000F  c_w.l(libinit2.o)
    0x08000168   0x08000168   0x00000000   Code   RO         4813    .ARM.Collect$$libinit$$00000011  c_w.l(libinit2.o)
    0x08000168   0x08000168   0x0000000c   Code   RO         4814    .ARM.Collect$$libinit$$00000012  c_w.l(libinit2.o)
    0x08000174   0x08000174   0x00000000   Code   RO         4815    .ARM.Collect$$libinit$$00000013  c_w.l(libinit2.o)
    0x08000174   0x08000174   0x00000000   Code   RO         4817    .ARM.Collect$$libinit$$00000015  c_w.l(libinit2.o)
    0x08000174   0x08000174   0x00000000   Code   RO         4819    .ARM.Collect$$libinit$$00000017  c_w.l(libinit2.o)
    0x08000174   0x08000174   0x00000000   Code   RO         4821    .ARM.Collect$$libinit$$00000019  c_w.l(libinit2.o)
    0x08000174   0x08000174   0x00000000   Code   RO         4823    .ARM.Collect$$libinit$$0000001B  c_w.l(libinit2.o)
    0x08000174   0x08000174   0x00000000   Code   RO         4825    .ARM.Collect$$libinit$$0000001D  c_w.l(libinit2.o)
    0x08000174   0x08000174   0x00000000   Code   RO         4827    .ARM.Collect$$libinit$$0000001F  c_w.l(libinit2.o)
    0x08000174   0x08000174   0x00000000   Code   RO         4829    .ARM.Collect$$libinit$$00000021  c_w.l(libinit2.o)
    0x08000174   0x08000174   0x00000000   Code   RO         4831    .ARM.Collect$$libinit$$00000023  c_w.l(libinit2.o)
    0x08000174   0x08000174   0x00000000   Code   RO         4833    .ARM.Collect$$libinit$$00000025  c_w.l(libinit2.o)
    0x08000174   0x08000174   0x00000000   Code   RO         4837    .ARM.Collect$$libinit$$0000002C  c_w.l(libinit2.o)
    0x08000174   0x08000174   0x00000000   Code   RO         4839    .ARM.Collect$$libinit$$0000002E  c_w.l(libinit2.o)
    0x08000174   0x08000174   0x00000000   Code   RO         4841    .ARM.Collect$$libinit$$00000030  c_w.l(libinit2.o)
    0x08000174   0x08000174   0x00000000   Code   RO         4843    .ARM.Collect$$libinit$$00000032  c_w.l(libinit2.o)
    0x08000174   0x08000174   0x00000002   Code   RO         4844    .ARM.Collect$$libinit$$00000033  c_w.l(libinit2.o)
    0x08000176   0x08000176   0x00000002   Code   RO         5059    .ARM.Collect$$libshutdown$$00000000  c_w.l(libshutdown.o)
    0x08000178   0x08000178   0x00000000   Code   RO         5015    .ARM.Collect$$libshutdown$$00000002  c_w.l(libshutdown2.o)
    0x08000178   0x08000178   0x00000000   Code   RO         5017    .ARM.Collect$$libshutdown$$00000004  c_w.l(libshutdown2.o)
    0x08000178   0x08000178   0x00000000   Code   RO         5020    .ARM.Collect$$libshutdown$$00000007  c_w.l(libshutdown2.o)
    0x08000178   0x08000178   0x00000000   Code   RO         5023    .ARM.Collect$$libshutdown$$0000000A  c_w.l(libshutdown2.o)
    0x08000178   0x08000178   0x00000000   Code   RO         5025    .ARM.Collect$$libshutdown$$0000000C  c_w.l(libshutdown2.o)
    0x08000178   0x08000178   0x00000000   Code   RO         5028    .ARM.Collect$$libshutdown$$0000000F  c_w.l(libshutdown2.o)
    0x08000178   0x08000178   0x00000002   Code   RO         5029    .ARM.Collect$$libshutdown$$00000010  c_w.l(libshutdown2.o)
    0x0800017a   0x0800017a   0x00000000   Code   RO         4665    .ARM.Collect$$rtentry$$00000000  c_w.l(__rtentry.o)
    0x0800017a   0x0800017a   0x00000000   Code   RO         4874    .ARM.Collect$$rtentry$$00000002  c_w.l(__rtentry2.o)
    0x0800017a   0x0800017a   0x00000006   Code   RO         4886    .ARM.Collect$$rtentry$$00000004  c_w.l(__rtentry4.o)
    0x08000180   0x08000180   0x00000000   Code   RO         4876    .ARM.Collect$$rtentry$$00000009  c_w.l(__rtentry2.o)
    0x08000180   0x08000180   0x00000004   Code   RO         4877    .ARM.Collect$$rtentry$$0000000A  c_w.l(__rtentry2.o)
    0x08000184   0x08000184   0x00000000   Code   RO         4879    .ARM.Collect$$rtentry$$0000000C  c_w.l(__rtentry2.o)
    0x08000184   0x08000184   0x00000008   Code   RO         4880    .ARM.Collect$$rtentry$$0000000D  c_w.l(__rtentry2.o)
    0x0800018c   0x0800018c   0x00000002   Code   RO         5002    .ARM.Collect$$rtexit$$00000000  c_w.l(rtexit.o)
    0x0800018e   0x0800018e   0x00000000   Code   RO         5033    .ARM.Collect$$rtexit$$00000002  c_w.l(rtexit2.o)
    0x0800018e   0x0800018e   0x00000004   Code   RO         5034    .ARM.Collect$$rtexit$$00000003  c_w.l(rtexit2.o)
    0x08000192   0x08000192   0x00000006   Code   RO         5035    .ARM.Collect$$rtexit$$00000004  c_w.l(rtexit2.o)
    0x08000198   0x08000198   0x00000040   Code   RO            4    .text               startup_stm32f10x_md.o
    0x080001d8   0x080001d8   0x0000003c   Code   RO         4573    .text               c_w.l(__0sscanf.o)
    0x08000214   0x08000214   0x0000014c   Code   RO         4575    .text               c_w.l(_scanf_int.o)
    0x08000360   0x08000360   0x00000048   Code   RO         4577    .text               c_w.l(strcpy.o)
    0x080003a8   0x080003a8   0x00000032   Code   RO         4579    .text               c_w.l(strncasecmp.o)
    0x080003da   0x080003da   0x0000004e   Code   RO         4585    .text               c_w.l(rt_memclr_w.o)
    0x08000428   0x08000428   0x00000006   Code   RO         4587    .text               c_w.l(heapauxi.o)
    0x0800042e   0x0800042e   0x0000001a   Code   RO         4697    .text               c_w.l(tolower.o)
    0x08000448   0x08000448   0x0000001c   Code   RO         4790    .text               c_w.l(_chval.o)
    0x08000464   0x08000464   0x0000002c   Code   RO         4792    .text               c_w.l(scanf_char.o)
    0x08000490   0x08000490   0x00000040   Code   RO         4794    .text               c_w.l(_sgetc.o)
    0x080004d0   0x080004d0   0x00000008   Code   RO         4870    .text               c_w.l(libspace.o)
    0x080004d8   0x080004d8   0x00000010   Code   RO         4888    .text               c_w.l(rt_ctype_table.o)
    0x080004e8   0x080004e8   0x00000012   Code   RO         4900    .text               c_w.l(isspace.o)
    0x080004fa   0x080004fa   0x00000002   PAD
    0x080004fc   0x080004fc   0x00000374   Code   RO         4916    .text               c_w.l(_scanf.o)
    0x08000870   0x08000870   0x00000002   Code   RO         4933    .text               c_w.l(use_no_semi.o)
    0x08000872   0x08000872   0x00000000   Code   RO         4935    .text               c_w.l(indicate_semi.o)
    0x08000872   0x08000872   0x0000004a   Code   RO         4936    .text               c_w.l(sys_stackheap_outer.o)
    0x080008bc   0x080008bc   0x00000008   Code   RO         4943    .text               c_w.l(rt_locale_intlibspace.o)
    0x080008c4   0x080008c4   0x00000012   Code   RO         4980    .text               c_w.l(exit.o)
    0x080008d6   0x080008d6   0x00000002   PAD
    0x080008d8   0x080008d8   0x0000000c   Code   RO         5000    .text               c_w.l(sys_exit.o)
    0x080008e4   0x080008e4   0x00000080   Code   RO         5012    .text               c_w.l(strcmpv7m.o)
    0x08000964   0x08000964   0x00000080   Code   RO         3934    i.ADC1_2_IRQHandler  app_bat.o
    0x080009e4   0x080009e4   0x000000c0   Code   RO         3935    i.ADC1_Init         app_bat.o
    0x08000aa4   0x08000aa4   0x00000006   Code   RO          200    i.ADC_ClearFlag     stm32f10x_adc.o
    0x08000aaa   0x08000aaa   0x00000016   Code   RO          202    i.ADC_Cmd           stm32f10x_adc.o
    0x08000ac0   0x08000ac0   0x00000016   Code   RO          208    i.ADC_ExternalTrigInjectedConvCmd  stm32f10x_adc.o
    0x08000ad6   0x08000ad6   0x00000010   Code   RO          209    i.ADC_ExternalTrigInjectedConvConfig  stm32f10x_adc.o
    0x08000ae6   0x08000ae6   0x00000012   Code   RO          213    i.ADC_GetFlagStatus  stm32f10x_adc.o
    0x08000af8   0x08000af8   0x0000001c   Code   RO          215    i.ADC_GetInjectedConversionValue  stm32f10x_adc.o
    0x08000b14   0x08000b14   0x00000018   Code   RO          219    i.ADC_ITConfig      stm32f10x_adc.o
    0x08000b2c   0x08000b2c   0x00000050   Code   RO          220    i.ADC_Init          stm32f10x_adc.o
    0x08000b7c   0x08000b7c   0x00000082   Code   RO          221    i.ADC_InjectedChannelConfig  stm32f10x_adc.o
    0x08000bfe   0x08000bfe   0x00000002   PAD
    0x08000c00   0x08000c00   0x0000000c   Code   RO         3936    i.App_Bat_Get       app_bat.o
    0x08000c0c   0x08000c0c   0x00000010   Code   RO         3937    i.App_Bat_Init      app_bat.o
    0x08000c1c   0x08000c1c   0x00000144   Code   RO         3938    i.App_Bat_proc      app_bat.o
    0x08000d60   0x08000d60   0x00000030   Code   RO         3993    i.App_Button_Init   app_button.o
    0x08000d90   0x08000d90   0x00000010   Code   RO         3994    i.App_Button_Proc   app_button.o
    0x08000da0   0x08000da0   0x00000098   Code   RO         4339    i.App_Control_Init  app_control.o
    0x08000e38   0x08000e38   0x00000200   Code   RO         4340    i.App_Control_Proc  app_control.o
    0x08001038   0x08001038   0x00000038   Code   RO         4341    i.App_Control_Reset  app_control.o
    0x08001070   0x08001070   0x00000014   Code   RO         4342    i.App_Control_SetMoveSpeed  app_control.o
    0x08001084   0x08001084   0x00000014   Code   RO         4343    i.App_Control_SetTurnSpeed  app_control.o
    0x08001098   0x08001098   0x000000c0   Code   RO         4082    i.App_Encoder_GetSpeed_L  app_encoder.o
    0x08001158   0x08001158   0x000000c0   Code   RO         4083    i.App_Encoder_GetSpeed_R  app_encoder.o
    0x08001218   0x08001218   0x0000000c   Code   RO         4084    i.App_Encoder_Init  app_encoder.o
    0x08001224   0x08001224   0x00000020   Code   RO         4297    i.App_Motor_Cmd     app_motor.o
    0x08001244   0x08001244   0x00000048   Code   RO         4298    i.App_Motor_Init    app_motor.o
    0x0800128c   0x0800128c   0x00000088   Code   RO         4299    i.App_Motor_Proc    app_motor.o
    0x08001314   0x08001314   0x00000014   Code   RO         4300    i.App_Motor_SetOmega_L  app_motor.o
    0x08001328   0x08001328   0x00000014   Code   RO         4301    i.App_Motor_SetOmega_R  app_motor.o
    0x0800133c   0x0800133c   0x00000024   Code   RO         4028    i.App_PWM_Cmd       app_pwm.o
    0x08001360   0x08001360   0x00000010   Code   RO         4029    i.App_PWM_Init      app_pwm.o
    0x08001370   0x08001370   0x0000008c   Code   RO         4030    i.App_PWM_Set_L     app_pwm.o
    0x080013fc   0x080013fc   0x00000088   Code   RO         4031    i.App_PWM_Set_R     app_pwm.o
    0x08001484   0x08001484   0x000000bc   Code   RO         4378    i.App_RC_Init       app_rc.o
    0x08001540   0x08001540   0x000000a0   Code   RO         4379    i.App_RC_Proc       app_rc.o
    0x080015e0   0x080015e0   0x00000088   Code   RO         3981    i.App_USART2_Init   app_usart.o
    0x08001668   0x08001668   0x0000000c   Code   RO         4143    i.App_mpu6050_GetGx  app_mpu6050.o
    0x08001674   0x08001674   0x0000000c   Code   RO         4145    i.App_mpu6050_GetGz  app_mpu6050.o
    0x08001680   0x08001680   0x0000000c   Code   RO         4147    i.App_mpu6050_Getpitch  app_mpu6050.o
    0x0800168c   0x0800168c   0x000000b0   Code   RO         4150    i.App_mpu6050_Init  app_mpu6050.o
    0x0800173c   0x0800173c   0x000001c8   Code   RO         4151    i.App_mpu6050_Proc  app_mpu6050.o
    0x08001904   0x08001904   0x0000014c   Code   RO         4152    i.App_mpu6050_Update  app_mpu6050.o
    0x08001a50   0x08001a50   0x00000004   Code   RO         3870    i.BusFault_Handler  stm32f10x_it.o
    0x08001a54   0x08001a54   0x00000002   Code   RO         3871    i.DebugMon_Handler  stm32f10x_it.o
    0x08001a56   0x08001a56   0x00000002   PAD
    0x08001a58   0x08001a58   0x00000024   Code   RO         3768    i.Delay             delay.o
    0x08001a7c   0x08001a7c   0x000000d4   Code   RO         3770    i.Delay_Init        delay.o
    0x08001b50   0x08001b50   0x000000bc   Code   RO         4085    i.EXTI15_10_IRQHandler  app_encoder.o
    0x08001c0c   0x08001c0c   0x000000ac   Code   RO         4086    i.EXTI3_IRQHandler  app_encoder.o
    0x08001cb8   0x08001cb8   0x0000000c   Code   RO          984    i.EXTI_ClearFlag    stm32f10x_exti.o
    0x08001cc4   0x08001cc4   0x00000018   Code   RO          988    i.EXTI_GetFlagStatus  stm32f10x_exti.o
    0x08001cdc   0x08001cdc   0x00000094   Code   RO          990    i.EXTI_Init         stm32f10x_exti.o
    0x08001d70   0x08001d70   0x00000080   Code   RO         4087    i.Encoder_L_Init    app_encoder.o
    0x08001df0   0x08001df0   0x00000090   Code   RO         4088    i.Encoder_R_Init    app_encoder.o
    0x08001e80   0x08001e80   0x00000060   Code   RO         3196    i.GPIOClockCmd      button.o
    0x08001ee0   0x08001ee0   0x00000040   Code   RO         1344    i.GPIO_EXTILineConfig  stm32f10x_gpio.o
    0x08001f20   0x08001f20   0x00000116   Code   RO         1347    i.GPIO_Init         stm32f10x_gpio.o
    0x08002036   0x08002036   0x00000002   PAD
    0x08002038   0x08002038   0x00000090   Code   RO         1349    i.GPIO_PinRemapConfig  stm32f10x_gpio.o
    0x080020c8   0x080020c8   0x00000012   Code   RO         1351    i.GPIO_ReadInputDataBit  stm32f10x_gpio.o
    0x080020da   0x080020da   0x0000000a   Code   RO         1358    i.GPIO_WriteBit     stm32f10x_gpio.o
    0x080020e4   0x080020e4   0x00000010   Code   RO         3771    i.GetTick           delay.o
    0x080020f4   0x080020f4   0x00000080   Code   RO         3772    i.GetUs             delay.o
    0x08002174   0x08002174   0x00000004   Code   RO         3872    i.HardFault_Handler  stm32f10x_it.o
    0x08002178   0x08002178   0x00000018   Code   RO         1459    i.I2C_AcknowledgeConfig  stm32f10x_i2c.o
    0x08002190   0x08002190   0x0000000c   Code   RO         1462    i.I2C_ClearFlag     stm32f10x_i2c.o
    0x0800219c   0x0800219c   0x00000018   Code   RO         1471    i.I2C_GenerateSTART  stm32f10x_i2c.o
    0x080021b4   0x080021b4   0x00000018   Code   RO         1472    i.I2C_GenerateSTOP  stm32f10x_i2c.o
    0x080021cc   0x080021cc   0x0000003a   Code   RO         1473    i.I2C_GetFlagStatus  stm32f10x_i2c.o
    0x08002206   0x08002206   0x00000002   PAD
    0x08002208   0x08002208   0x000000ec   Code   RO         1478    i.I2C_Init          stm32f10x_i2c.o
    0x080022f4   0x080022f4   0x00000016   Code   RO         1482    i.I2C_ReadRegister  stm32f10x_i2c.o
    0x0800230a   0x0800230a   0x00000008   Code   RO         1483    i.I2C_ReceiveData   stm32f10x_i2c.o
    0x08002312   0x08002312   0x00000004   Code   RO         1486    i.I2C_SendData      stm32f10x_i2c.o
    0x08002316   0x08002316   0x00000002   PAD
    0x08002318   0x08002318   0x00000030   Code   RO         3939    i.LED_Init          app_bat.o
    0x08002348   0x08002348   0x00000004   Code   RO         3873    i.MemManage_Handler  stm32f10x_it.o
    0x0800234c   0x0800234c   0x000000bc   Code   RO         4032    i.Motor_L_Init      app_pwm.o
    0x08002408   0x08002408   0x000000b8   Code   RO         4033    i.Motor_R_Init      app_pwm.o
    0x080024c0   0x080024c0   0x00000072   Code   RO         3199    i.My_Button_Init    button.o
    0x08002532   0x08002532   0x00000080   Code   RO         3201    i.My_Button_Proc    button.o
    0x080025b2   0x080025b2   0x00000004   Code   RO         3202    i.My_Button_SetClickCb  button.o
    0x080025b6   0x080025b6   0x00000002   PAD
    0x080025b8   0x080025b8   0x0000013c   Code   RO         3282    i.My_I2C_ReceiveBytes  i2c.o
    0x080026f4   0x080026f4   0x00000110   Code   RO         3283    i.My_I2C_SendBytes  i2c.o
    0x08002804   0x08002804   0x00000002   Code   RO         3874    i.NMI_Handler       stm32f10x_it.o
    0x08002806   0x08002806   0x00000002   PAD
    0x08002808   0x08002808   0x00000070   Code   RO          137    i.NVIC_Init         misc.o
    0x08002878   0x08002878   0x00000014   Code   RO          138    i.NVIC_PriorityGroupConfig  misc.o
    0x0800288c   0x0800288c   0x00000094   Code   RO         3206    i.OnButtonEveryPolled  button.o
    0x08002920   0x08002920   0x00000014   Code   RO         3207    i.OnButtonPressed   button.o
    0x08002934   0x08002934   0x00000038   Code   RO         3208    i.OnButtonReleased  button.o
    0x0800296c   0x0800296c   0x00000030   Code   RO         3995    i.OnUserKey_Clicked  app_button.o
    0x0800299c   0x0800299c   0x00000004   Code   RO         3729    i.PID_ChangeSP      pid.o
    0x080029a0   0x080029a0   0x000000fc   Code   RO         3730    i.PID_Compute       pid.o
    0x08002a9c   0x08002a9c   0x00000028   Code   RO         3731    i.PID_Init          pid.o
    0x08002ac4   0x08002ac4   0x00000006   Code   RO         3732    i.PID_LimitConfig   pid.o
    0x08002aca   0x08002aca   0x0000000e   Code   RO         3733    i.PID_Reset         pid.o
    0x08002ad8   0x08002ad8   0x00000002   Code   RO         3875    i.PendSV_Handler    stm32f10x_it.o
    0x08002ada   0x08002ada   0x00000002   PAD
    0x08002adc   0x08002adc   0x00000018   Code   RO         1773    i.RCC_ADCCLKConfig  stm32f10x_rcc.o
    0x08002af4   0x08002af4   0x00000020   Code   RO         1775    i.RCC_APB1PeriphClockCmd  stm32f10x_rcc.o
    0x08002b14   0x08002b14   0x00000020   Code   RO         1776    i.RCC_APB1PeriphResetCmd  stm32f10x_rcc.o
    0x08002b34   0x08002b34   0x00000020   Code   RO         1777    i.RCC_APB2PeriphClockCmd  stm32f10x_rcc.o
    0x08002b54   0x08002b54   0x000000d4   Code   RO         1785    i.RCC_GetClocksFreq  stm32f10x_rcc.o
    0x08002c28   0x08002c28   0x0000002c   Code   RO         4034    i.STBY_Pin_Init     app_pwm.o
    0x08002c54   0x08002c54   0x00000002   Code   RO         3876    i.SVC_Handler       stm32f10x_it.o
    0x08002c56   0x08002c56   0x00000008   Code   RO           24    i.SetSysClock       system_stm32f10x.o
    0x08002c5e   0x08002c5e   0x00000002   PAD
    0x08002c60   0x08002c60   0x000000e0   Code   RO           25    i.SetSysClockTo72   system_stm32f10x.o
    0x08002d40   0x08002d40   0x0000001c   Code   RO         3877    i.SysTick_Handler   stm32f10x_it.o
    0x08002d5c   0x08002d5c   0x00000060   Code   RO           27    i.SystemInit        system_stm32f10x.o
    0x08002dbc   0x08002dbc   0x00000046   Code   RO         3940    i.TIM2_TRGO_Init    app_bat.o
    0x08002e02   0x08002e02   0x00000018   Code   RO         2421    i.TIM_Cmd           stm32f10x_tim.o
    0x08002e1a   0x08002e1a   0x0000001e   Code   RO         2423    i.TIM_CtrlPWMOutputs  stm32f10x_tim.o
    0x08002e38   0x08002e38   0x00000098   Code   RO         2450    i.TIM_OC1Init       stm32f10x_tim.o
    0x08002ed0   0x08002ed0   0x00000012   Code   RO         2478    i.TIM_SelectOutputTrigger  stm32f10x_tim.o
    0x08002ee2   0x08002ee2   0x00000004   Code   RO         2482    i.TIM_SetCompare1   stm32f10x_tim.o
    0x08002ee6   0x08002ee6   0x00000002   PAD
    0x08002ee8   0x08002ee8   0x000000a4   Code   RO         2492    i.TIM_TimeBaseInit  stm32f10x_tim.o
    0x08002f8c   0x08002f8c   0x00000060   Code   RO         4380    i.USART3_IRQHandler  app_rc.o
    0x08002fec   0x08002fec   0x00000018   Code   RO         2960    i.USART_Cmd         stm32f10x_usart.o
    0x08003004   0x08003004   0x0000001a   Code   RO         2963    i.USART_GetFlagStatus  stm32f10x_usart.o
    0x0800301e   0x0800301e   0x0000004a   Code   RO         2966    i.USART_ITConfig    stm32f10x_usart.o
    0x08003068   0x08003068   0x000000d8   Code   RO         2967    i.USART_Init        stm32f10x_usart.o
    0x08003140   0x08003140   0x0000000a   Code   RO         2974    i.USART_ReceiveData  stm32f10x_usart.o
    0x0800314a   0x0800314a   0x00000004   Code   RO         3878    i.UsageFault_Handler  stm32f10x_it.o
    0x0800314e   0x0800314e   0x00000056   Code   RO         4242    i.binary_search     qmath.o
    0x080031a4   0x080031a4   0x00000048   Code   RO         3807    i.main              main.o
    0x080031ec   0x080031ec   0x00000064   Code   RO         4245    i.qatan             qmath.o
    0x08003250   0x08003250   0x000000b0   Code   RO         4246    i.qatan2            qmath.o
    0x08003300   0x08003300   0x000000c0   Code   RO         4247    i.qcos              qmath.o
    0x080033c0   0x080033c0   0x000000e8   Code   RO         4248    i.qsin              qmath.o
    0x080034a8   0x080034a8   0x00000028   Code   RO         4153    i.reg_read          app_mpu6050.o
    0x080034d0   0x080034d0   0x00000020   Code   RO         4154    i.reg_write         app_mpu6050.o
    0x080034f0   0x080034f0   0x0000002c   Code   RO         4975    locale$$code        c_w.l(lc_ctype_c.o)
    0x0800351c   0x0800351c   0x00000062   Code   RO         4591    x$fpl$d2f           fz_ws.l(d2f.o)
    0x0800357e   0x0800357e   0x00000002   PAD
    0x08003580   0x08003580   0x00000150   Code   RO         4593    x$fpl$dadd          fz_ws.l(daddsub_clz.o)
    0x080036d0   0x080036d0   0x00000018   Code   RO         4929    x$fpl$dcmpinf       fz_ws.l(dcmpi.o)
    0x080036e8   0x080036e8   0x000002b0   Code   RO         4600    x$fpl$ddiv          fz_ws.l(ddiv.o)
    0x08003998   0x08003998   0x0000005a   Code   RO         4607    x$fpl$dfixu         fz_ws.l(dfixu.o)
    0x080039f2   0x080039f2   0x00000026   Code   RO         4615    x$fpl$dfltu         fz_ws.l(dflt_clz.o)
    0x08003a18   0x08003a18   0x00000078   Code   RO         4845    x$fpl$dleqf         fz_ws.l(dleqf.o)
    0x08003a90   0x08003a90   0x00000154   Code   RO         4621    x$fpl$dmul          fz_ws.l(dmul.o)
    0x08003be4   0x08003be4   0x0000009c   Code   RO         4847    x$fpl$dnaninf       fz_ws.l(dnaninf.o)
    0x08003c80   0x08003c80   0x0000000c   Code   RO         4849    x$fpl$dretinf       fz_ws.l(dretinf.o)
    0x08003c8c   0x08003c8c   0x0000006c   Code   RO         4623    x$fpl$drleqf        fz_ws.l(drleqf.o)
    0x08003cf8   0x08003cf8   0x000001d4   Code   RO         4595    x$fpl$dsub          fz_ws.l(daddsub_clz.o)
    0x08003ecc   0x08003ecc   0x00000056   Code   RO         4625    x$fpl$f2d           fz_ws.l(f2d.o)
    0x08003f22   0x08003f22   0x00000002   PAD
    0x08003f24   0x08003f24   0x000000c4   Code   RO         4627    x$fpl$fadd          fz_ws.l(faddsub_clz.o)
    0x08003fe8   0x08003fe8   0x00000018   Code   RO         4853    x$fpl$fcmpinf       fz_ws.l(fcmpi.o)
    0x08004000   0x08004000   0x00000184   Code   RO         4634    x$fpl$fdiv          fz_ws.l(fdiv.o)
    0x08004184   0x08004184   0x00000068   Code   RO         4637    x$fpl$feqf          fz_ws.l(feqf.o)
    0x080041ec   0x080041ec   0x0000003e   Code   RO         4639    x$fpl$ffixu         fz_ws.l(ffixu.o)
    0x0800422a   0x0800422a   0x00000002   PAD
    0x0800422c   0x0800422c   0x00000030   Code   RO         4644    x$fpl$fflt          fz_ws.l(fflt_clz.o)
    0x0800425c   0x0800425c   0x00000060   Code   RO         4649    x$fpl$ffltll        fz_ws.l(ffltll_clz.o)
    0x080042bc   0x080042bc   0x00000026   Code   RO         4643    x$fpl$ffltu         fz_ws.l(fflt_clz.o)
    0x080042e2   0x080042e2   0x00000002   PAD
    0x080042e4   0x080042e4   0x00000068   Code   RO         4651    x$fpl$fleqf         fz_ws.l(fleqf.o)
    0x0800434c   0x0800434c   0x00000102   Code   RO         4653    x$fpl$fmul          fz_ws.l(fmul.o)
    0x0800444e   0x0800444e   0x0000008c   Code   RO         4855    x$fpl$fnaninf       fz_ws.l(fnaninf.o)
    0x080044da   0x080044da   0x0000000a   Code   RO         4857    x$fpl$fretinf       fz_ws.l(fretinf.o)
    0x080044e4   0x080044e4   0x00000062   Code   RO         4655    x$fpl$frleqf        fz_ws.l(frleqf.o)
    0x08004546   0x08004546   0x00000002   PAD
    0x08004548   0x08004548   0x000000ea   Code   RO         4629    x$fpl$fsub          fz_ws.l(faddsub_clz.o)
    0x08004632   0x08004632   0x00000002   PAD
    0x08004634   0x08004634   0x00000078   Code   RO         4611    x$fpl$llufromd      fz_ws.l(dfixull.o)
    0x080046ac   0x080046ac   0x00000000   Code   RO         4867    x$fpl$usenofp       fz_ws.l(usenofp.o)
    0x080046ac   0x080046ac   0x00002000   Data   RO         4250    .constdata          qmath.o
    0x080066ac   0x080066ac   0x00000020   Data   RO         5060    Region$$Table       anon$$obj.o
    0x080066cc   0x080066cc   0x00000110   Data   RO         4974    locale$$data        c_w.l(lc_ctype_c.o)


    Execution Region RW_IRAM1 (Exec base: 0x20000000, Load base: 0x080067dc, Size: 0x00000900, Max: 0x00005000, ABSOLUTE)

    Exec Addr    Load Addr    Size         Type   Attr      Idx    E Section Name        Object

    0x20000000   0x080067dc   0x00000014   Data   RW         1805    .data               stm32f10x_rcc.o
    0x20000014   0x080067f0   0x0000000c   Data   RW         3773    .data               delay.o
    0x20000020   0x080067fc   0x00000009   Data   RW         3941    .data               app_bat.o
    0x20000029   0x08006805   0x00000001   Data   RW         3997    .data               app_button.o
    0x2000002a   0x08006806   0x00000006   PAD
    0x20000030   0x0800680c   0x00000038   Data   RW         4089    .data               app_encoder.o
    0x20000068   0x08006844   0x0000002c   Data   RW         4155    .data               app_mpu6050.o
    0x20000094   0x08006870   0x00000004   Data   RW         4303    .data               app_motor.o
    0x20000098   0x08006874   0x00000014   Data   RW         4345    .data               app_control.o
    0x200000ac   0x08006888   0x00000004   Data   RW         4382    .data               app_rc.o
    0x200000b0        -       0x00000040   Zero   RW         3996    .bss                app_button.o
    0x200000f0        -       0x00000050   Zero   RW         4302    .bss                app_motor.o
    0x20000140        -       0x000000a0   Zero   RW         4344    .bss                app_control.o
    0x200001e0        -       0x000000c0   Zero   RW         4381    .bss                app_rc.o
    0x200002a0        -       0x00000060   Zero   RW         4871    .bss                c_w.l(libspace.o)
    0x20000300        -       0x00000200   Zero   RW            2    HEAP                startup_stm32f10x_md.o
    0x20000500        -       0x00000400   Zero   RW            1    STACK               startup_stm32f10x_md.o


==============================================================================

Image component sizes


      Code (inc. data)   RO Data    RW Data    ZI Data      Debug   Object Name

       790         78          0          9          0       3660   app_bat.o
       112         24          0          1         64       2388   app_button.o
       760        156          0         20        160       3400   app_control.o
      1028        118          0         56          0       4907   app_encoder.o
       280         56          0          4         80       3264   app_motor.o
      1072        156          0         44          0       4646   app_mpu6050.o
       744         66          0          0          0       3697   app_pwm.o
       444         72          0          4        192       2312   app_rc.o
       136         10          0          0          0        582   app_usart.o
       566         16          0          0          0       5181   button.o
         0          0          0          0          0       4500   core_cm3.o
       392         38          0         12          0       2609   delay.o
       588         18          0          0          0       2089   i2c.o
        72          0          0          0          0        483   main.o
       132         22          0          0          0     215843   misc.o
       316         12          0          0          0       3490   pid.o
       786         78       8192          0          0       3687   qmath.o
        64         26        236          0       1536        812   startup_stm32f10x_md.o
       346         10          0          0          0      17880   stm32f10x_adc.o
       184         16          0          0          0       3998   stm32f10x_exti.o
       514         10          0          0          0      12652   stm32f10x_gpio.o
       412         14          0          0          0      14518   stm32f10x_i2c.o
        52          4          0          0          0       3662   stm32f10x_it.o
       332         44          0         20          0      13930   stm32f10x_rcc.o
       392         62          0          0          0      24104   stm32f10x_tim.o
       350          6          0          0          0      10580   stm32f10x_usart.o
       328         28          0          0          0      53057   system_stm32f10x.o

    ----------------------------------------------------------------------
     11212       1140       8460        176       2032     421931   Object Totals
         0          0         32          0          0          0   (incl. Generated)
        20          0          0          6          0          0   (incl. Padding)

    ----------------------------------------------------------------------

      Code (inc. data)   RO Data    RW Data    ZI Data      Debug   Library Member Name

        60          8          0          0          0         84   __0sscanf.o
         8          0          0          0          0         68   __main.o
         0          0          0          0          0          0   __rtentry.o
        12          0          0          0          0          0   __rtentry2.o
         6          0          0          0          0          0   __rtentry4.o
        52          8          0          0          0          0   __scatter.o
        26          0          0          0          0          0   __scatter_copy.o
        28          0          0          0          0          0   __scatter_zi.o
        28          0          0          0          0         68   _chval.o
       884          6          0          0          0        100   _scanf.o
       332          0          0          0          0         96   _scanf_int.o
        64          0          0          0          0         84   _sgetc.o
        18          0          0          0          0         80   exit.o
         6          0          0          0          0        152   heapauxi.o
         0          0          0          0          0          0   indicate_semi.o
        18          0          0          0          0         76   isspace.o
        44         10        272          0          0         76   lc_ctype_c.o
         2          0          0          0          0          0   libinit.o
        20          0          0          0          0          0   libinit2.o
         2          0          0          0          0          0   libshutdown.o
         2          0          0          0          0          0   libshutdown2.o
         8          4          0          0         96         68   libspace.o
        16          4          0          0          0         76   rt_ctype_table.o
         8          4          0          0          0         68   rt_locale_intlibspace.o
        78          0          0          0          0         80   rt_memclr_w.o
         2          0          0          0          0          0   rtexit.o
        10          0          0          0          0          0   rtexit2.o
        44          8          0          0          0         84   scanf_char.o
       128          0          0          0          0         68   strcmpv7m.o
        72          0          0          0          0         80   strcpy.o
        50          0          0          0          0         84   strncasecmp.o
        12          4          0          0          0         68   sys_exit.o
        74          0          0          0          0         80   sys_stackheap_outer.o
        26          0          0          0          0         76   tolower.o
         2          0          0          0          0         68   use_no_semi.o
        98          4          0          0          0         92   d2f.o
       804         16          0          0          0        272   daddsub_clz.o
        24          0          0          0          0         68   dcmpi.o
       688        140          0          0          0        208   ddiv.o
        90          4          0          0          0         92   dfixu.o
       120          4          0          0          0        104   dfixull.o
        38          0          0          0          0         68   dflt_clz.o
       120          4          0          0          0         92   dleqf.o
       340         12          0          0          0        104   dmul.o
       156          4          0          0          0         92   dnaninf.o
        12          0          0          0          0         68   dretinf.o
       108          0          0          0          0         80   drleqf.o
        86          4          0          0          0         84   f2d.o
       430          8          0          0          0        168   faddsub_clz.o
        24          0          0          0          0         68   fcmpi.o
       388         76          0          0          0         96   fdiv.o
       104          4          0          0          0         84   feqf.o
        62          4          0          0          0         84   ffixu.o
        86          0          0          0          0        136   fflt_clz.o
        96          0          0          0          0         84   ffltll_clz.o
       104          4          0          0          0         84   fleqf.o
       258          4          0          0          0         84   fmul.o
       140          4          0          0          0         84   fnaninf.o
        10          0          0          0          0         68   fretinf.o
        98          0          0          0          0         68   frleqf.o
         0          0          0          0          0          0   usenofp.o

    ----------------------------------------------------------------------
      6644        352        272          0         96       4316   Library Totals
        18          0          0          0          0          0   (incl. Padding)

    ----------------------------------------------------------------------

      Code (inc. data)   RO Data    RW Data    ZI Data      Debug   Library Name

      2142         56        272          0         96       1784   c_w.l
      4484        296          0          0          0       2532   fz_ws.l

    ----------------------------------------------------------------------
      6644        352        272          0         96       4316   Library Totals

    ----------------------------------------------------------------------

==============================================================================


      Code (inc. data)   RO Data    RW Data    ZI Data      Debug   

     17856       1492       8732        176       2128     417559   Grand Totals
     17856       1492       8732        176       2128     417559   ELF Image Totals
     17856       1492       8732        176          0          0   ROM Totals

==============================================================================

    Total RO  Size (Code + RO Data)                26588 (  25.96kB)
    Total RW  Size (RW Data + ZI Data)              2304 (   2.25kB)
    Total ROM Size (Code + RO Data + RW Data)      26764 (  26.14kB)

==============================================================================

